Component: ARM Compiler 5.05 update 1 (build 106) Tool: armlink [4d0efa]

==============================================================================

Section Cross References

    main.o(.text) refers to delay.o(.text) for delay_init
    main.o(.text) refers to misc.o(.text) for NVIC_PriorityGroupConfig
    main.o(.text) refers to usart.o(.text) for uart_init
    main.o(.text) refers to led.o(.text) for LED_Init
    main.o(.text) refers to lcd.o(.text) for LCD_Init
    main.o(.text) refers to key.o(.text) for KEY_Init
    main.o(.text) refers to rtc.o(.text) for RTC_Init
    main.o(.text) refers to protocol.o(.text) for protocol_init
    main.o(.text) refers to printfa.o(i.__0printf) for __2printf
    main.o(.text) refers to can.o(.text) for CAN_Mode_Init
    system_stm32f10x.o(.text) refers to system_stm32f10x.o(.data) for SystemCoreClock
    protocol.o(.text) refers to stm32f10x_rtc.o(.text) for RTC_GetCounter
    protocol.o(.text) refers to printfa.o(i.__0printf) for __2printf
    protocol.o(.text) refers to ffltul.o(.text) for __aeabi_ul2f
    protocol.o(.text) refers to fdiv.o(.text) for __aeabi_fdiv
    protocol.o(.text) refers to fflti.o(.text) for __aeabi_i2f
    protocol.o(.text) refers to fmul.o(.text) for __aeabi_fmul
    protocol.o(.text) refers to sinf.o(i.sinf) for sinf
    protocol.o(.text) refers to cosf.o(i.cosf) for cosf
    protocol.o(.text) refers to cfcmple.o(.text) for __aeabi_cfcmple
    protocol.o(.text) refers to cfrcmple.o(.text) for __aeabi_cfrcmple
    protocol.o(.text) refers to f2d.o(.text) for __aeabi_f2d
    protocol.o(.text) refers to led.o(.text) for warn
    protocol.o(.text) refers to protocol.o(.bss) for can_msg_list
    protocol.o(.text) refers to protocol.o(.data) for Can_Rec_Link
    protocol.o(.text) refers to protocol.o(.conststring) for .conststring
    gpio.o(.text) refers to stm32f10x_rcc.o(.text) for RCC_APB2PeriphClockCmd
    gpio.o(.text) refers to stm32f10x_gpio.o(.text) for GPIO_Init
    led.o(.text) refers to stm32f10x_rcc.o(.text) for RCC_APB2PeriphClockCmd
    led.o(.text) refers to stm32f10x_gpio.o(.text) for GPIO_Init
    led.o(.text) refers to printfa.o(i.__0printf) for __2printf
    led.o(.text) refers to led.o(.data) for is_warning
    key.o(.text) refers to stm32f10x_rcc.o(.text) for RCC_APB2PeriphClockCmd
    key.o(.text) refers to stm32f10x_gpio.o(.text) for GPIO_Init
    key.o(.text) refers to delay.o(.text) for delay_ms
    key.o(.text) refers to key.o(.data) for key_up
    lcd.o(.text) refers to delay.o(.text) for delay_us
    lcd.o(.text) refers to lcd.o(.bss) for lcddev
    lcd.o(.text) refers to lcd.o(.data) for POINT_COLOR
    lcd.o(.text) refers to dfltui.o(.text) for __aeabi_ui2d
    lcd.o(.text) refers to dmul.o(.text) for __aeabi_dmul
    lcd.o(.text) refers to dfixui.o(.text) for __aeabi_d2uiz
    lcd.o(.text) refers to stm32f10x_rcc.o(.text) for RCC_AHBPeriphClockCmd
    lcd.o(.text) refers to stm32f10x_gpio.o(.text) for GPIO_Init
    lcd.o(.text) refers to stm32f10x_fsmc.o(.text) for FSMC_NORSRAMInit
    lcd.o(.text) refers to printfa.o(i.__0printf) for __2printf
    lcd.o(.text) refers to lcd.o(.constdata) for asc2_1206
    can.o(.text) refers to stm32f10x_rcc.o(.text) for RCC_APB2PeriphClockCmd
    can.o(.text) refers to stm32f10x_gpio.o(.text) for GPIO_Init
    can.o(.text) refers to stm32f10x_can.o(.text) for CAN_Init
    can.o(.text) refers to misc.o(.text) for NVIC_Init
    can.o(.text) refers to protocol.o(.data) for Can_Rec_Link
    can.o(.text) refers to can.o(.data) for Rx_flag
    rtc.o(.text) refers to misc.o(.text) for NVIC_Init
    rtc.o(.text) refers to stm32f10x_rtc.o(.text) for RTC_GetCounter
    rtc.o(.text) refers to stm32f10x_rcc.o(.text) for RCC_APB1PeriphClockCmd
    rtc.o(.text) refers to stm32f10x_pwr.o(.text) for PWR_BackupAccessCmd
    rtc.o(.text) refers to stm32f10x_bkp.o(.text) for BKP_ReadBackupRegister
    rtc.o(.text) refers to delay.o(.text) for delay_ms
    rtc.o(.text) refers to printfa.o(i.__0printf) for __2printf
    rtc.o(.text) refers to rtc.o(.constdata) for table_week
    rtc.o(.text) refers to rtc.o(.data) for daycnt
    rtc.o(.text) refers to rtc.o(.bss) for calendar
    delay.o(.text) refers to misc.o(.text) for SysTick_CLKSourceConfig
    delay.o(.text) refers to system_stm32f10x.o(.data) for SystemCoreClock
    delay.o(.text) refers to delay.o(.data) for fac_us
    usart.o(.text) refers to stm32f10x_rcc.o(.text) for RCC_APB2PeriphClockCmd
    usart.o(.text) refers to stm32f10x_gpio.o(.text) for GPIO_Init
    usart.o(.text) refers to misc.o(.text) for NVIC_Init
    usart.o(.text) refers to stm32f10x_usart.o(.text) for USART_Init
    usart.o(.text) refers to usart.o(.data) for USART_RX_STA
    usart.o(.text) refers to usart.o(.bss) for USART_RX_BUF
    startup_stm32f10x_hd.o(RESET) refers to startup_stm32f10x_hd.o(STACK) for __initial_sp
    startup_stm32f10x_hd.o(RESET) refers to startup_stm32f10x_hd.o(.text) for Reset_Handler
[...]
    printf6.o(i.__0fprintf$6) refers to printf6.o(i._printf_core) for _printf_core
    printf6.o(i.__0fprintf$6) refers to usart.o(.text) for fputc
    printf6.o(i.__0printf$6) refers to printf6.o(i._printf_core) for _printf_core
    printf6.o(i.__0printf$6) refers to usart.o(.text) for fputc
    printf6.o(i.__0printf$6) refers to usart.o(.data) for __stdout
    printf6.o(i.__0snprintf$6) refers to printf6.o(i._printf_core) for _printf_core
    printf6.o(i.__0snprintf$6) refers to printf6.o(i._snputc) for _snputc
    printf6.o(i.__0sprintf$6) refers to printf6.o(i._printf_core) for _printf_core
    printf6.o(i.__0sprintf$6) refers to printf6.o(i._sputc) for _sputc
    printf6.o(i.__0vfprintf$6) refers to printf6.o(i._printf_core) for _printf_core
    printf6.o(i.__0vfprintf$6) refers to usart.o(.text) for fputc
    printf6.o(i.__0vprintf$6) refers to printf6.o(i._printf_core) for _printf_core
    printf6.o(i.__0vprintf$6) refers to usart.o(.text) for fputc
    printf6.o(i.__0vprintf$6) refers to usart.o(.data) for __stdout
    printf6.o(i.__0vsnprintf$6) refers to printf6.o(i._printf_core) for _printf_core
    printf6.o(i.__0vsnprintf$6) refers to printf6.o(i._snputc) for _snputc
    printf6.o(i.__0vsprintf$6) refers to printf6.o(i._printf_core) for _printf_core
    printf6.o(i.__0vsprintf$6) refers to printf6.o(i._sputc) for _sputc
    printf6.o(i._printf_core) refers to printf6.o(i._printf_pre_padding) for _printf_pre_padding
    printf6.o(i._printf_core) refers to uidiv.o(.text) for __aeabi_uidivmod
    printf6.o(i._printf_core) refers to printf6.o(i._printf_post_padding) for _printf_post_padding
    printf7.o(i.__0fprintf$7) refers to printf7.o(i._printf_core) for _printf_core
    printf7.o(i.__0fprintf$7) refers to usart.o(.text) for fputc
    printf7.o(i.__0printf$7) refers to printf7.o(i._printf_core) for _printf_core
    printf7.o(i.__0printf$7) refers to usart.o(.text) for fputc
    printf7.o(i.__0printf$7) refers to usart.o(.data) for __stdout
    printf7.o(i.__0snprintf$7) refers to printf7.o(i._printf_core) for _printf_core
    printf7.o(i.__0snprintf$7) refers to printf7.o(i._snputc) for _snputc
    printf7.o(i.__0sprintf$7) refers to printf7.o(i._printf_core) for _printf_core
    printf7.o(i.__0sprintf$7) refers to printf7.o(i._sputc) for _sputc
    printf7.o(i.__0vfprintf$7) refers to printf7.o(i._printf_core) for _printf_core
    printf7.o(i.__0vfprintf$7) refers to usart.o(.text) for fputc
    printf7.o(i.__0vprintf$7) refers to printf7.o(i._printf_core) for _printf_core
    printf7.o(i.__0vprintf$7) refers to usart.o(.text) for fputc
    printf7.o(i.__0vprintf$7) refers to usart.o(.data) for __stdout
    printf7.o(i.__0vsnprintf$7) refers to printf7.o(i._printf_core) for _printf_core
    printf7.o(i.__0vsnprintf$7) refers to printf7.o(i._snputc) for _snputc
    printf7.o(i.__0vsprintf$7) refers to printf7.o(i._printf_core) for _printf_core
    printf7.o(i.__0vsprintf$7) refers to printf7.o(i._sputc) for _sputc
    printf7.o(i._printf_core) refers to printf7.o(i._printf_pre_padding) for _printf_pre_padding
    printf7.o(i._printf_core) refers to uldiv.o(.text) for __aeabi_uldivmod
    printf7.o(i._printf_core) refers to printf7.o(i._printf_post_padding) for _printf_post_padding
    printf8.o(i.__0fprintf$8) refers to printf8.o(i._printf_core) for _printf_core
    printf8.o(i.__0fprintf$8) refers to usart.o(.text) for fputc
    printf8.o(i.__0printf$8) refers to printf8.o(i._printf_core) for _printf_core
    printf8.o(i.__0printf$8) refers to usart.o(.text) for fputc
    printf8.o(i.__0printf$8) refers to usart.o(.data) for __stdout
    printf8.o(i.__0snprintf$8) refers to printf8.o(i._printf_core) for _printf_core
    printf8.o(i.__0snprintf$8) refers to printf8.o(i._snputc) for _snputc
    printf8.o(i.__0sprintf$8) refers to printf8.o(i._printf_core) for _printf_core
    printf8.o(i.__0sprintf$8) refers to printf8.o(i._sputc) for _sputc
    printf8.o(i.__0vfprintf$8) refers to printf8.o(i._printf_core) for _printf_core
    printf8.o(i.__0vfprintf$8) refers to usart.o(.text) for fputc
    printf8.o(i.__0vprintf$8) refers to printf8.o(i._printf_core) for _printf_core
    printf8.o(i.__0vprintf$8) refers to usart.o(.text) for fputc
    printf8.o(i.__0vprintf$8) refers to usart.o(.data) for __stdout
    printf8.o(i.__0vsnprintf$8) refers to printf8.o(i._printf_core) for _printf_core
    printf8.o(i.__0vsnprintf$8) refers to printf8.o(i._snputc) for _snputc
    printf8.o(i.__0vsprintf$8) refers to printf8.o(i._printf_core) for _printf_core
    printf8.o(i.__0vsprintf$8) refers to printf8.o(i._sputc) for _sputc
    printf8.o(i._printf_core) refers to printf8.o(i._printf_pre_padding) for _printf_pre_padding
    printf8.o(i._printf_core) refers to uldiv.o(.text) for __aeabi_uldivmod
    printf8.o(i._printf_core) refers to printf8.o(i._printf_post_padding) for _printf_post_padding
    printfa.o(i.__0fprintf) refers (Special) to iusefp.o(.text) for __I$use$fp
    printfa.o(i.__0fprintf) refers to printfa.o(i._printf_core) for _printf_core
    printfa.o(i.__0fprintf) refers to usart.o(.text) for fputc
    printfa.o(i.__0printf) refers (Special) to iusefp.o(.text) for __I$use$fp
    printfa.o(i.__0printf) refers to printfa.o(i._printf_core) for _printf_core
    printfa.o(i.__0printf) refers to usart.o(.text) for fputc
    printfa.o(i.__0printf) refers to usart.o(.data) for __stdout
    printfa.o(i.__0snprintf) refers (Special) to iusefp.o(.text) for __I$use$fp
    printfa.o(i.__0snprintf) refers to printfa.o(i._printf_core) for _printf_core
    printfa.o(i.__0snprintf) refers to printfa.o(i._snputc) for _snputc
    printfa.o(i.__0sprintf) refers (Special) to iusefp.o(.text) for __I$use$fp
    printfa.o(i.__0sprintf) refers to printfa.o(i._printf_core) for _printf_core
    printfa.o(i.__0sprintf) refers to printfa.o(i._sputc) for _sputc
    printfa.o(i.__0vfprintf) refers (Special) to iusefp.o(.text) for __I$use$fp
    printfa.o(i.__0vfprintf) refers to printfa.o(i._printf_core) for _printf_core
    printfa.o(i.__0vfprintf) refers to usart.o(.text) for fputc
    printfa.o(i.__0vprintf) refers (Special) to iusefp.o(.text) for __I$use$fp
    printfa.o(i.__0vprintf) refers to printfa.o(i._printf_core) for _printf_core
    printfa.o(i.__0vprintf) refers to usart.o(.text) for fputc
    printfa.o(i.__0vprintf) refers to usart.o(.data) for __stdout
    printfa.o(i.__0vsnprintf) refers (Special) to iusefp.o(.text) for __I$use$fp
    printfa.o(i.__0vsnprintf) refers to printfa.o(i._printf_core) for _printf_core
    printfa.o(i.__0vsnprintf) refers to printfa.o(i._snputc) for _snputc
    printfa.o(i.__0vsprintf) refers (Special) to iusefp.o(.text) for __I$use$fp
    printfa.o(i.__0vsprintf) refers to printfa.o(i._printf_core) for _printf_core
    printfa.o(i.__0vsprintf) refers to printfa.o(i._sputc) for _sputc
    printfa.o(i._fp_digits) refers (Special) to iusefp.o(.text) for __I$use$fp
    printfa.o(i._fp_digits) refers to dmul.o(.text) for __aeabi_dmul
    printfa.o(i._fp_digits) refers to ddiv.o(.text) for __aeabi_ddiv
    printfa.o(i._fp_digits) refers to cdrcmple.o(.text) for __aeabi_cdrcmple
    printfa.o(i._fp_digits) refers to dadd.o(.text) for __aeabi_dadd
    printfa.o(i._fp_digits) refers to dfixul.o(.text) for __aeabi_d2ulz
    printfa.o(i._fp_digits) refers to uldiv.o(.text) for __aeabi_uldivmod
    printfa.o(i._printf_core) refers (Special) to iusefp.o(.text) for __I$use$fp
    printfa.o(i._printf_core) refers to printfa.o(i._printf_pre_padding) for _printf_pre_padding
    printfa.o(i._printf_core) refers to uldiv.o(.text) for __aeabi_uldivmod
    printfa.o(i._printf_core) refers to printfa.o(i._printf_post_padding) for _printf_post_padding
    printfa.o(i._printf_core) refers to printfa.o(i._fp_digits) for _fp_digits
    printfa.o(i._printf_core) refers to uidiv.o(.text) for __aeabi_uidivmod
    printfa.o(i._printf_post_padding) refers (Special) to iusefp.o(.text) for __I$use$fp
    printfa.o(i._printf_pre_padding) refers (Special) to iusefp.o(.text) for __I$use$fp
    printfa.o(i._snputc) refers (Special) to iusefp.o(.text) for __I$use$fp
    printfa.o(i._sputc) refers (Special) to iusefp.o(.text) for __I$use$fp
    fmul.o(.text) refers (Special) to iusefp.o(.text) for __I$use$fp
    fdiv.o(.text) refers (Special) to iusefp.o(.text) for __I$use$fp
    fdiv.o(.text) refers to fepilogue.o(.text) for _float_round
    dmul.o(.text) refers (Special) to iusefp.o(.text) for __I$use$fp
    dmul.o(.text) refers to depilogue.o(.text) for _double_epilogue
    fflti.o(.text) refers (Special) to iusefp.o(.text) for __I$use$fp
    fflti.o(.text) refers to fepilogue.o(.text) for _float_epilogue
    ffltul.o(.text) refers (Special) to iusefp.o(.text) for __I$use$fp
    ffltul.o(.text) refers to fepilogue.o(.text) for _float_epilogue
    dfltui.o(.text) refers (Special) to iusefp.o(.text) for __I$use$fp
    dfltui.o(.text) refers to depilogue.o(.text) for _double_epilogue
    dfixui.o(.text) refers (Special) to iusefp.o(.text) for __I$use$fp
    dfixui.o(.text) refers to llushr.o(.text) for __aeabi_llsr
    f2d.o(.text) refers (Special) to iusefp.o(.text) for __I$use$fp
    cfcmple.o(.text) refers (Special) to iusefp.o(.text) for __I$use$fp
    cfrcmple.o(.text) refers (Special) to iusefp.o(.text) for __I$use$fp
    fpclassifyf.o(i.__ARM_fpclassifyf) refers (Special) to iusefp.o(.text) for __I$use$fp
    funder.o(i.__mathlib_flt_divzero) refers to fdiv.o(.text) for __aeabi_fdiv
    funder.o(i.__mathlib_flt_infnan) refers to fscalb.o(.text) for __ARM_scalbnf
    funder.o(i.__mathlib_flt_infnan2) refers to fadd.o(.text) for __aeabi_fadd
    funder.o(i.__mathlib_flt_invalid) refers to fdiv.o(.text) for __aeabi_fdiv
    funder.o(i.__mathlib_flt_overflow) refers to fscalb.o(.text) for __ARM_scalbnf
    funder.o(i.__mathlib_flt_posinfnan) refers to fmul.o(.text) for __aeabi_fmul
    funder.o(i.__mathlib_flt_underflow) refers to fscalb.o(.text) for __ARM_scalbnf
    rredf.o(i.__mathlib_rredf2) refers (Special) to iusefp.o(.text) for __I$use$fp
    rredf.o(i.__mathlib_rredf2) refers to fflti.o(.text) for __aeabi_i2f
    rredf.o(i.__mathlib_rredf2) refers to ffltui.o(.text) for __aeabi_ui2f
    rredf.o(i.__mathlib_rredf2) refers to fscalb.o(.text) for __ARM_scalbnf
    rredf.o(i.__mathlib_rredf2) refers to fadd.o(.text) for __aeabi_fadd
    rredf.o(i.__mathlib_rredf2) refers to fmul.o(.text) for __aeabi_fmul
    rredf.o(i.__mathlib_rredf2) refers to rredf.o(.constdata) for .constdata
    rredf.o(.constdata) refers (Special) to iusefp.o(.text) for __I$use$fp
    entry2.o(.ARM.Collect$$$$00000001) refers to entry2.o(.ARM.Collect$$$$00002712) for __lit__00000000
    entry2.o(.ARM.Collect$$$$00002712) refers to startup_stm32f10x_hd.o(STACK) for __initial_sp
    entry2.o(__vectab_stack_and_reset_area) refers to startup_stm32f10x_hd.o(STACK) for __initial_sp
    entry2.o(__vectab_stack_and_reset_area) refers to entry.o(.ARM.Collect$$$$00000000) for __main
    entry5.o(.ARM.Collect$$$$00000004) refers to init.o(.text) for __scatterload
    entry9a.o(.ARM.Collect$$$$0000000B) refers to main.o(.text) for main
    entry9b.o(.ARM.Collect$$$$0000000C) refers to main.o(.text) for main
    uldiv.o(.text) refers to llushr.o(.text) for __aeabi_llsr
    uldiv.o(.text) refers to llshl.o(.text) for __aeabi_llsl
    errno.o(i.__aeabi_errno_addr) refers to errno.o(.data) for .data
    errno.o(i.__read_errno) refers to errno.o(.data) for .data
    errno.o(i.__set_errno) refers to errno.o(.data) for .data
    fadd.o(.text) refers to fepilogue.o(.text) for _float_epilogue
    frnd.o(.text) refers to fepilogue.o(.text) for _float_round
    depilogue.o(.text) refers to llshl.o(.text) for __aeabi_llsl
    depilogue.o(.text) refers to llushr.o(.text) for __aeabi_llsr
    dadd.o(.text) refers to llshl.o(.text) for __aeabi_llsl
    dadd.o(.text) refers to llsshr.o(.text) for __aeabi_lasr
    dadd.o(.text) refers to depilogue.o(.text) for _double_epilogue
    ddiv.o(.text) refers to depilogue.o(.text) for _double_round
    dfixul.o(.text) refers to llushr.o(.text) for __aeabi_llsr
    dfixul.o(.text) refers to llshl.o(.text) for __aeabi_llsl
    init.o(.text) refers to entry5.o(.ARM.Collect$$$$00000004) for __main_after_scatterload
    ffltui.o(.text) refers to fepilogue.o(.text) for _float_epilogue


==============================================================================

Removing Unused input sections from the image.

    Removing common.o(.text), (4 bytes).
    Removing gpio.o(.text), (52 bytes).
    Removing sys.o(.emb_text), (6 bytes).
    Removing sys.o(.text), (12 bytes).
    Removing core_cm3.o(.emb_text), (32 bytes).
    Removing startup_stm32f10x_hd.o(HEAP), (512 bytes).
    Removing stm32f10x_adc.o(.text), (1102 bytes).
    Removing stm32f10x_cec.o(.text), (288 bytes).
    Removing stm32f10x_crc.o(.text), (72 bytes).
    Removing stm32f10x_dac.o(.text), (396 bytes).
    Removing stm32f10x_dbgmcu.o(.text), (48 bytes).
    Removing stm32f10x_dma.o(.text), (596 bytes).
    Removing stm32f10x_exti.o(.text), (284 bytes).
    Removing stm32f10x_flash.o(.text), (1468 bytes).
    Removing stm32f10x_i2c.o(.text), (1028 bytes).
    Removing stm32f10x_iwdg.o(.text), (64 bytes).
    Removing stm32f10x_sdio.o(.text), (468 bytes).
    Removing stm32f10x_spi.o(.text), (780 bytes).
    Removing stm32f10x_tim.o(.text), (3610 bytes).
    Removing stm32f10x_wwdg.o(.text), (136 bytes).

20 unused section(s) (total 10958 bytes) removed from the image.

==============================================================================

Image Symbol Table

    Local Symbols

    Symbol Name                              Value     Ov Type        Size  Object(Section)

    ../clib/microlib/division.c              0x00000000   Number         0  uidiv.o ABSOLUTE
    ../clib/microlib/division.c              0x00000000   Number         0  uldiv.o ABSOLUTE
    ../clib/microlib/errno.c                 0x00000000   Number         0  errno.o ABSOLUTE
    ../clib/microlib/init/entry.s            0x00000000   Number         0  entry11a.o ABSOLUTE
    ../clib/microlib/init/entry.s            0x00000000   Number         0  entry10a.o ABSOLUTE
    ../clib/microlib/init/entry.s            0x00000000   Number         0  entry5.o ABSOLUTE
    ../clib/microlib/init/entry.s            0x00000000   Number         0  entry.o ABSOLUTE
    ../clib/microlib/init/entry.s            0x00000000   Number         0  entry10b.o ABSOLUTE
    ../clib/microlib/init/entry.s            0x00000000   Number         0  entry2.o ABSOLUTE
    ../clib/microlib/init/entry.s            0x00000000   Number         0  entry8b.o ABSOLUTE
    ../clib/microlib/init/entry.s            0x00000000   Number         0  entry9b.o ABSOLUTE
    ../clib/microlib/init/entry.s            0x00000000   Number         0  entry9a.o ABSOLUTE
    ../clib/microlib/init/entry.s            0x00000000   Number         0  entry7a.o ABSOLUTE
    ../clib/microlib/init/entry.s            0x00000000   Number         0  entry7b.o ABSOLUTE
    ../clib/microlib/init/entry.s            0x00000000   Number         0  entry11b.o ABSOLUTE
    ../clib/microlib/init/entry.s            0x00000000   Number         0  entry8a.o ABSOLUTE
    ../clib/microlib/longlong.c              0x00000000   Number         0  llushr.o ABSOLUTE
    ../clib/microlib/longlong.c              0x00000000   Number         0  llshl.o ABSOLUTE
    ../clib/microlib/longlong.c              0x00000000   Number         0  llsshr.o ABSOLUTE
    ../clib/microlib/printf/printf.c         0x00000000   Number         0  printf7.o ABSOLUTE
    ../clib/microlib/printf/printf.c         0x00000000   Number         0  printfa.o ABSOLUTE
    ../clib/microlib/printf/printf.c         0x00000000   Number         0  printf8.o ABSOLUTE
    ../clib/microlib/printf/printf.c         0x00000000   Number         0  printfb.o ABSOLUTE
    ../clib/microlib/printf/printf.c         0x00000000   Number         0  printf0.o ABSOLUTE
    ../clib/microlib/printf/printf.c         0x00000000   Number         0  printf1.o ABSOLUTE
    ../clib/microlib/printf/printf.c         0x00000000   Number         0  printf4.o ABSOLUTE
    ../clib/microlib/printf/printf.c         0x00000000   Number         0  printf5.o ABSOLUTE
    ../clib/microlib/printf/printf.c         0x00000000   Number         0  printf6.o ABSOLUTE
    ../clib/microlib/printf/printf.c         0x00000000   Number         0  printf2.o ABSOLUTE
    ../clib/microlib/printf/printf.c         0x00000000   Number         0  printf3.o ABSOLUTE
    ../clib/microlib/printf/stubs.s          0x00000000   Number         0  stubs.o ABSOLUTE
    ../clib/microlib/stubs.s                 0x00000000   Number         0  iusefp.o ABSOLUTE
    ../clib/microlib/stubs.s                 0x00000000   Number         0  useno.o ABSOLUTE
    ../fplib/microlib/f2d.c                  0x00000000   Number         0  f2d.o ABSOLUTE
    ../fplib/microlib/fpadd.c                0x00000000   Number         0  dadd.o ABSOLUTE
    ../fplib/microlib/fpadd.c                0x00000000   Number         0  fadd.o ABSOLUTE
    ../fplib/microlib/fpdiv.c                0x00000000   Number         0  ddiv.o ABSOLUTE
    ../fplib/microlib/fpdiv.c                0x00000000   Number         0  fdiv.o ABSOLUTE
    ../fplib/microlib/fpepilogue.c           0x00000000   Number         0  depilogue.o ABSOLUTE
    ../fplib/microlib/fpepilogue.c           0x00000000   Number         0  fepilogue.o ABSOLUTE
    ../fplib/microlib/fpfix.c                0x00000000   Number         0  dfixui.o ABSOLUTE
    ../fplib/microlib/fpfix.c                0x00000000   Number         0  dfixul.o ABSOLUTE
    ../fplib/microlib/fpfix.c                0x00000000   Number         0  ffixi.o ABSOLUTE
    ../fplib/microlib/fpflt.c                0x00000000   Number         0  fflti.o ABSOLUTE
    ../fplib/microlib/fpflt.c                0x00000000   Number         0  dfltui.o ABSOLUTE
    ../fplib/microlib/fpflt.c                0x00000000   Number         0  ffltul.o ABSOLUTE
    ../fplib/microlib/fpflt.c                0x00000000   Number         0  ffltui.o ABSOLUTE
    ../fplib/microlib/fpmul.c                0x00000000   Number         0  fmul.o ABSOLUTE
    ../fplib/microlib/fpmul.c                0x00000000   Number         0  dmul.o ABSOLUTE
    ../fplib/microlib/fprnd.c                0x00000000   Number         0  frnd.o ABSOLUTE
    ../fplib/microlib/fpscalb.c              0x00000000   Number         0  fscalb.o ABSOLUTE
    ../mathlib/cosf.c                        0x00000000   Number         0  cosf_x.o ABSOLUTE
    ../mathlib/cosf.c                        0x00000000   Number         0  cosf.o ABSOLUTE
    ../mathlib/fpclassifyf.c                 0x00000000   Number         0  fpclassifyf.o ABSOLUTE
    ../mathlib/funder.c                      0x00000000   Number         0  funder.o ABSOLUTE
    ../mathlib/rredf.c                       0x00000000   Number         0  rredf.o ABSOLUTE
    ../mathlib/sinf.c                        0x00000000   Number         0  sinf.o ABSOLUTE
    ../mathlib/sinf.c                        0x00000000   Number         0  sinf_x.o ABSOLUTE
    ..\CORE\core_cm3.c                       0x00000000   Number         0  core_cm3.o ABSOLUTE
    ..\CORE\startup_stm32f10x_hd.s           0x00000000   Number         0  startup_stm32f10x_hd.o ABSOLUTE
    ..\HARDWARE\CAN\can.c                    0x00000000   Number         0  can.o ABSOLUTE
    ..\HARDWARE\KEY\key.c                    0x00000000   Number         0  key.o ABSOLUTE
    ..\HARDWARE\LCD\lcd.c                    0x00000000   Number         0  lcd.o ABSOLUTE
    ..\HARDWARE\LED\led.c                    0x00000000   Number         0  led.o ABSOLUTE
    ..\HARDWARE\RTC\rtc.c                    0x00000000   Number         0  rtc.o ABSOLUTE
    ..\STM32F10x_FWLib\src\misc.c            0x00000000   Number         0  misc.o ABSOLUTE
    ..\STM32F10x_FWLib\src\stm32f10x_adc.c   0x00000000   Number         0  stm32f10x_adc.o ABSOLUTE
    ..\STM32F10x_FWLib\src\stm32f10x_bkp.c   0x00000000   Number         0  stm32f10x_bkp.o ABSOLUTE
    ..\STM32F10x_FWLib\src\stm32f10x_can.c   0x00000000   Number         0  stm32f10x_can.o ABSOLUTE
    ..\STM32F10x_FWLib\src\stm32f10x_cec.c   0x00000000   Number         0  stm32f10x_cec.o ABSOLUTE
    ..\STM32F10x_FWLib\src\stm32f10x_crc.c   0x00000000   Number         0  stm32f10x_crc.o ABSOLUTE
    ..\STM32F10x_FWLib\src\stm32f10x_dac.c   0x00000000   Number         0  stm32f10x_dac.o ABSOLUTE
    ..\STM32F10x_FWLib\src\stm32f10x_dbgmcu.c 0x00000000   Number         0  stm32f10x_dbgmcu.o ABSOLUTE
    ..\STM32F10x_FWLib\src\stm32f10x_dma.c   0x00000000   Number         0  stm32f10x_dma.o ABSOLUTE
    ..\STM32F10x_FWLib\src\stm32f10x_exti.c  0x00000000   Number         0  stm32f10x_exti.o ABSOLUTE
    ..\STM32F10x_FWLib\src\stm32f10x_flash.c 0x00000000   Number         0  stm32f10x_flash.o ABSOLUTE
    ..\STM32F10x_FWLib\src\stm32f10x_fsmc.c  0x00000000   Number         0  stm32f10x_fsmc.o ABSOLUTE
    ..\STM32F10x_FWLib\src\stm32f10x_gpio.c  0x00000000   Number         0  stm32f10x_gpio.o ABSOLUTE
    ..\STM32F10x_FWLib\src\stm32f10x_i2c.c   0x00000000   Number         0  stm32f10x_i2c.o ABSOLUTE
    ..\STM32F10x_FWLib\src\stm32f10x_iwdg.c  0x00000000   Number         0  stm32f10x_iwdg.o ABSOLUTE
    ..\STM32F10x_FWLib\src\stm32f10x_pwr.c   0x00000000   Number         0  stm32f10x_pwr.o ABSOLUTE
    ..\STM32F10x_FWLib\src\stm32f10x_rcc.c   0x00000000   Number         0  stm32f10x_rcc.o ABSOLUTE
    ..\STM32F10x_FWLib\src\stm32f10x_rtc.c   0x00000000   Number         0  stm32f10x_rtc.o ABSOLUTE
    ..\STM32F10x_FWLib\src\stm32f10x_sdio.c  0x00000000   Number         0  stm32f10x_sdio.o ABSOLUTE
    ..\STM32F10x_FWLib\src\stm32f10x_spi.c   0x00000000   Number         0  stm32f10x_spi.o ABSOLUTE
    ..\STM32F10x_FWLib\src\stm32f10x_tim.c   0x00000000   Number         0  stm32f10x_tim.o ABSOLUTE
    ..\STM32F10x_FWLib\src\stm32f10x_usart.c 0x00000000   Number         0  stm32f10x_usart.o ABSOLUTE
    ..\STM32F10x_FWLib\src\stm32f10x_wwdg.c  0x00000000   Number         0  stm32f10x_wwdg.o ABSOLUTE
    ..\SYSTEM\delay\delay.c                  0x00000000   Number         0  delay.o ABSOLUTE
    ..\SYSTEM\sys\sys.c                      0x00000000   Number         0  sys.o ABSOLUTE
    ..\SYSTEM\usart\usart.c                  0x00000000   Number         0  usart.o ABSOLUTE
    ..\\CORE\\core_cm3.c                     0x00000000   Number         0  core_cm3.o ABSOLUTE
    ..\\SYSTEM\\sys\\sys.c                   0x00000000   Number         0  sys.o ABSOLUTE
    cdrcmple.s                               0x00000000   Number         0  cdrcmple.o ABSOLUTE
    cfcmple.s                                0x00000000   Number         0  cfcmple.o ABSOLUTE
    cfrcmple.s                               0x00000000   Number         0  cfrcmple.o ABSOLUTE
    common.c                                 0x00000000   Number         0  common.o ABSOLUTE
    dc.s                                     0x00000000   Number         0  dc.o ABSOLUTE
    gpio.c                                   0x00000000   Number         0  gpio.o ABSOLUTE
    handlers.s                               0x00000000   Number         0  handlers.o ABSOLUTE
    init.s                                   0x00000000   Number         0  init.o ABSOLUTE
    main.c                                   0x00000000   Number         0  main.o ABSOLUTE
    protocol.c                               0x00000000   Number         0  protocol.o ABSOLUTE
    stm32f10x_it.c                           0x00000000   Number         0  stm32f10x_it.o ABSOLUTE
    system_stm32f10x.c                       0x00000000   Number         0  system_stm32f10x.o ABSOLUTE
    RESET                                    0x08000000   Section      304  startup_stm32f10x_hd.o(RESET)
    .ARM.Collect$$$$00000000                 0x08000130   Section        0  entry.o(.ARM.Collect$$$$00000000)
    .ARM.Collect$$$$00000001                 0x08000130   Section        4  entry2.o(.ARM.Collect$$$$00000001)
    .ARM.Collect$$$$00000004                 0x08000134   Section        4  entry5.o(.ARM.Collect$$$$00000004)
    .ARM.Collect$$$$00000008                 0x08000138   Section        0  entry7b.o(.ARM.Collect$$$$00000008)
    .ARM.Collect$$$$0000000A                 0x08000138   Section        0  entry8b.o(.ARM.Collect$$$$0000000A)
    .ARM.Collect$$$$0000000B                 0x08000138   Section        8  entry9a.o(.ARM.Collect$$$$0000000B)
    .ARM.Collect$$$$0000000D                 0x08000140   Section        0  entry10a.o(.ARM.Collect$$$$0000000D)
    .ARM.Collect$$$$0000000F                 0x08000140   Section        0  entry11a.o(.ARM.Collect$$$$0000000F)
    .ARM.Collect$$$$00002712                 0x08000140   Section        4  entry2.o(.ARM.Collect$$$$00002712)
    __lit__00000000                          0x08000140   Data           4  entry2.o(.ARM.Collect$$$$00002712)
    .text                                    0x08000144   Section        0  main.o(.text)
    .text                                    0x080002ac   Section        0  stm32f10x_it.o(.text)
    .text                                    0x080002c8   Section        0  system_stm32f10x.o(.text)
    SetSysClockTo72                          0x080002c9   Thumb Code   214  system_stm32f10x.o(.text)
    SetSysClock                              0x0800039f   Thumb Code     8  system_stm32f10x.o(.text)
    .text                                    0x080004a8   Section        0  protocol.o(.text)
    .text                                    0x080008c4   Section        0  led.o(.text)
    .text                                    0x080009a8   Section        0  key.o(.text)
    .text                                    0x08000b40   Section        0  lcd.o(.text)
    .text                                    0x08005598   Section        0  can.o(.text)
    .text                                    0x08005804   Section        0  rtc.o(.text)
    RTC_NVIC_Config                          0x08005805   Thumb Code    32  rtc.o(.text)
    .text                                    0x08005c7c   Section        0  delay.o(.text)
    .text                                    0x08005d50   Section        0  usart.o(.text)
    .text                                    0x08005e90   Section       36  startup_stm32f10x_hd.o(.text)
    .text                                    0x08005eb4   Section        0  misc.o(.text)
    .text                                    0x08005f90   Section        0  stm32f10x_fsmc.o(.text)
    .text                                    0x0800659c   Section        0  stm32f10x_gpio.o(.text)
    .text                                    0x080068f8   Section        0  stm32f10x_rcc.o(.text)
    .text                                    0x08006c9c   Section        0  stm32f10x_can.o(.text)
    CheckITStatus                            0x0800749f   Thumb Code    18  stm32f10x_can.o(.text)
    .text                                    0x0800768c   Section        0  stm32f10x_usart.o(.text)
    .text                                    0x08007a94   Section        0  stm32f10x_bkp.o(.text)
    .text                                    0x08007b58   Section        0  stm32f10x_pwr.o(.text)
    .text                                    0x08007c24   Section        0  stm32f10x_rtc.o(.text)
    .text                                    0x08007d6c   Section        0  fmul.o(.text)
    .text                                    0x08007dd0   Section        0  fdiv.o(.text)
    .text                                    0x08007e4c   Section        0  dmul.o(.text)
    .text                                    0x08007f30   Section        0  fflti.o(.text)
    .text                                    0x08007f42   Section        0  ffltul.o(.text)
    .text                                    0x08007f5e   Section        0  dfltui.o(.text)
    .text                                    0x08007f78   Section        0  dfixui.o(.text)
    .text                                    0x08007faa   Section        0  f2d.o(.text)
    .text                                    0x08007fd0   Section       20  cfcmple.o(.text)
    .text                                    0x08007fe4   Section       20  cfrcmple.o(.text)
    .text                                    0x08007ff8   Section        0  uidiv.o(.text)
    .text                                    0x08008024   Section        0  uldiv.o(.text)
    .text                                    0x08008086   Section        0  llushr.o(.text)
    .text                                    0x080080a6   Section        0  iusefp.o(.text)
    .text                                    0x080080a6   Section        0  fepilogue.o(.text)
    .text                                    0x08008114   Section        0  fadd.o(.text)
    .text                                    0x080081c4   Section        0  frnd.o(.text)
    .text                                    0x08008200   Section        0  depilogue.o(.text)
    .text                                    0x080082ba   Section        0  dadd.o(.text)
    .text                                    0x08008408   Section        0  ddiv.o(.text)
    .text                                    0x080084e6   Section        0  ffixi.o(.text)
    .text                                    0x08008518   Section        0  dfixul.o(.text)
    .text                                    0x08008548   Section       48  cdrcmple.o(.text)
    .text                                    0x08008578   Section       36  init.o(.text)
    .text                                    0x0800859c   Section        0  llshl.o(.text)
    .text                                    0x080085ba   Section        0  llsshr.o(.text)
    .text                                    0x080085de   Section        0  fscalb.o(.text)
    .text                                    0x080085f6   Section        0  ffltui.o(.text)
    i.__0printf                              0x08008600   Section        0  printfa.o(i.__0printf)
    i.__ARM_fpclassifyf                      0x08008620   Section        0  fpclassifyf.o(i.__ARM_fpclassifyf)
    i.__mathlib_flt_infnan                   0x08008646   Section        0  funder.o(i.__mathlib_flt_infnan)
    i.__mathlib_flt_invalid                  0x0800864c   Section        0  funder.o(i.__mathlib_flt_invalid)
    i.__mathlib_flt_underflow                0x08008654   Section        0  funder.o(i.__mathlib_flt_underflow)
    i.__mathlib_rredf2                       0x08008660   Section        0  rredf.o(i.__mathlib_rredf2)
    i.__scatterload_copy                     0x080087c8   Section       14  handlers.o(i.__scatterload_copy)
    i.__scatterload_null                     0x080087d6   Section        2  handlers.o(i.__scatterload_null)
    i.__scatterload_zeroinit                 0x080087d8   Section       14  handlers.o(i.__scatterload_zeroinit)
    i.__set_errno                            0x080087e8   Section        0  errno.o(i.__set_errno)
    i._fp_digits                             0x080087f4   Section        0  printfa.o(i._fp_digits)
    _fp_digits                               0x080087f5   Thumb Code   334  printfa.o(i._fp_digits)
    i._printf_core                           0x08008958   Section        0  printfa.o(i._printf_core)
    _printf_core                             0x08008959   Thumb Code  1744  printfa.o(i._printf_core)
    i._printf_post_padding                   0x08009034   Section        0  printfa.o(i._printf_post_padding)
    _printf_post_padding                     0x08009035   Thumb Code    36  printfa.o(i._printf_post_padding)
    i._printf_pre_padding                    0x08009058   Section        0  printfa.o(i._printf_pre_padding)
    _printf_pre_padding                      0x08009059   Thumb Code    46  printfa.o(i._printf_pre_padding)
    i.cosf                                   0x08009088   Section        0  cosf.o(i.cosf)
    i.sinf                                   0x08009204   Section        0  sinf.o(i.sinf)
    .constdata                               0x0800938c   Section     6080  lcd.o(.constdata)
    .constdata                               0x0800ab4c   Section       24  rtc.o(.constdata)
    .constdata                               0x0800ab64   Section       32  rredf.o(.constdata)
    twooverpi                                0x0800ab64   Data          32  rredf.o(.constdata)
    .conststring                             0x0800ab84   Section      135  protocol.o(.conststring)
    .data                                    0x20000000   Section       20  system_stm32f10x.o(.data)
    .data                                    0x20000014   Section       21  protocol.o(.data)
    .data                                    0x20000029   Section        1  led.o(.data)
    .data                                    0x2000002a   Section        1  key.o(.data)
    key_up                                   0x2000002a   Data           1  key.o(.data)
    .data                                    0x2000002c   Section        4  lcd.o(.data)
    .data                                    0x20000030   Section        6  can.o(.data)
    .data                                    0x20000036   Section        2  rtc.o(.data)
    daycnt                                   0x20000036   Data           2  rtc.o(.data)
    .data                                    0x20000038   Section        4  delay.o(.data)
    fac_us                                   0x20000038   Data           1  delay.o(.data)
    fac_ms                                   0x2000003a   Data           2  delay.o(.data)
    .data                                    0x2000003c   Section        6  usart.o(.data)
    .data                                    0x20000042   Section       20  stm32f10x_rcc.o(.data)
    APBAHBPrescTable                         0x20000042   Data          16  stm32f10x_rcc.o(.data)
    ADCPrescTable                            0x20000052   Data           4  stm32f10x_rcc.o(.data)
    .data                                    0x20000058   Section        4  errno.o(.data)
    _errno                                   0x20000058   Data           4  errno.o(.data)
    .bss                                     0x2000005c   Section     4000  protocol.o(.bss)
    .bss                                     0x20000ffc   Section       14  lcd.o(.bss)
    .bss                                     0x2000100a   Section       10  rtc.o(.bss)
    .bss                                     0x20001014   Section      200  usart.o(.bss)
    STACK                                    0x200010e0   Section     1024  startup_stm32f10x_hd.o(STACK)

    Global Symbols

    Symbol Name                              Value     Ov Type        Size  Object(Section)

    BuildAttributes$$THM_ISAv4$P$D$K$B$S$PE$A:L22UL41UL21$X:L11$S22US41US21$IEEE1$IW$USESV6$~STKCKD$USESV7$~SHL$OTIME$ROPI$IEEEX$EBA8$MICROLIB$REQ8$PRES8$EABIv2 0x00000000   Number         0  anon$$obj.o ABSOLUTE
    __ARM_use_no_argv                        0x00000000   Number         0  main.o ABSOLUTE
    __use_no_errno                           0x00000000   Number         0  useno.o ABSOLUTE
    __use_no_exception_handling              0x00000000   Number         0  useno.o ABSOLUTE
    __use_no_fp                              0x00000000   Number         0  useno.o ABSOLUTE
    __use_no_heap                            0x00000000   Number         0  useno.o ABSOLUTE
    __use_no_heap_region                     0x00000000   Number         0  useno.o ABSOLUTE
    __use_no_semihosting                     0x00000000   Number         0  useno.o ABSOLUTE
    __use_no_semihosting_swi                 0x00000000   Number         0  useno.o ABSOLUTE
    __use_no_signal_handling                 0x00000000   Number         0  useno.o ABSOLUTE
    _printf_a                                0x00000000   Number         0  stubs.o ABSOLUTE
    _printf_c                                0x00000000   Number         0  stubs.o ABSOLUTE
    _printf_charcount                        0x00000000   Number         0  stubs.o ABSOLUTE
    _printf_d                                0x00000000   Number         0  stubs.o ABSOLUTE
    _printf_e                                0x00000000   Number         0  stubs.o ABSOLUTE
    _printf_f                                0x00000000   Number         0  stubs.o ABSOLUTE
    _printf_flags                            0x00000000   Number         0  stubs.o ABSOLUTE
    _printf_fp_dec                           0x00000000   Number         0  stubs.o ABSOLUTE
    _printf_fp_hex                           0x00000000   Number         0  stubs.o ABSOLUTE
    _printf_g                                0x00000000   Number         0  stubs.o ABSOLUTE
    _printf_i                                0x00000000   Number         0  stubs.o ABSOLUTE
    _printf_int_dec                          0x00000000   Number         0  stubs.o ABSOLUTE
    _printf_l                                0x00000000   Number         0  stubs.o ABSOLUTE
    _printf_lc                               0x00000000   Number         0  stubs.o ABSOLUTE
    _printf_ll                               0x00000000   Number         0  stubs.o ABSOLUTE
    _printf_lld                              0x00000000   Number         0  stubs.o ABSOLUTE
    _printf_lli                              0x00000000   Number         0  stubs.o ABSOLUTE
    _printf_llo                              0x00000000   Number         0  stubs.o ABSOLUTE
    _printf_llu                              0x00000000   Number         0  stubs.o ABSOLUTE
    _printf_llx                              0x00000000   Number         0  stubs.o ABSOLUTE
    _printf_longlong_dec                     0x00000000   Number         0  stubs.o ABSOLUTE
    _printf_longlong_hex                     0x00000000   Number         0  stubs.o ABSOLUTE
    _printf_longlong_oct                     0x00000000   Number         0  stubs.o ABSOLUTE
    _printf_ls                               0x00000000   Number         0  stubs.o ABSOLUTE
    _printf_mbtowc                           0x00000000   Number         0  stubs.o ABSOLUTE
    _printf_n                                0x00000000   Number         0  stubs.o ABSOLUTE
    _printf_o                                0x00000000   Number         0  stubs.o ABSOLUTE
    _printf_p                                0x00000000   Number         0  stubs.o ABSOLUTE
    _printf_percent                          0x00000000   Number         0  stubs.o ABSOLUTE
    _printf_pre_padding                      0x00000000   Number         0  stubs.o ABSOLUTE
    _printf_return_value                     0x00000000   Number         0  stubs.o ABSOLUTE
    _printf_s                                0x00000000   Number         0  stubs.o ABSOLUTE
    _printf_sizespec                         0x00000000   Number         0  stubs.o ABSOLUTE
    _printf_str                              0x00000000   Number         0  stubs.o ABSOLUTE
    _printf_truncate_signed                  0x00000000   Number         0  stubs.o ABSOLUTE
    _printf_truncate_unsigned                0x00000000   Number         0  stubs.o ABSOLUTE
    _printf_u                                0x00000000   Number         0  stubs.o ABSOLUTE
    _printf_wc                               0x00000000   Number         0  stubs.o ABSOLUTE
    _printf_wctomb                           0x00000000   Number         0  stubs.o ABSOLUTE
    _printf_widthprec                        0x00000000   Number         0  stubs.o ABSOLUTE
    _printf_x                                0x00000000   Number         0  stubs.o ABSOLUTE
    __cpp_initialize__aeabi_                  - Undefined Weak Reference
    __cxa_finalize                            - Undefined Weak Reference
    __decompress                              - Undefined Weak Reference
    _clock_init                               - Undefined Weak Reference
    _microlib_exit                            - Undefined Weak Reference
    __Vectors_Size                           0x00000130   Number         0  startup_stm32f10x_hd.o ABSOLUTE
    __Vectors                                0x08000000   Data           4  startup_stm32f10x_hd.o(RESET)
    __Vectors_End                            0x08000130   Data           0  startup_stm32f10x_hd.o(RESET)
    __main                                   0x08000131   Thumb Code     0  entry.o(.ARM.Collect$$$$00000000)
    _main_stk                                0x08000131   Thumb Code     0  entry2.o(.ARM.Collect$$$$00000001)
    _main_scatterload                        0x08000135   Thumb Code     0  entry5.o(.ARM.Collect$$$$00000004)
    __main_after_scatterload                 0x08000139   Thumb Code     0  entry5.o(.ARM.Collect$$$$00000004)
    _main_clock                              0x08000139   Thumb Code     0  entry7b.o(.ARM.Collect$$$$00000008)
    _main_cpp_init                           0x08000139   Thumb Code     0  entry8b.o(.ARM.Collect$$$$0000000A)
    _main_init                               0x08000139   Thumb Code     0  entry9a.o(.ARM.Collect$$$$0000000B)
    __rt_final_cpp                           0x08000141   Thumb Code     0  entry10a.o(.ARM.Collect$$$$0000000D)
    __rt_final_exit                          0x08000141   Thumb Code     0  entry11a.o(.ARM.Collect$$$$0000000F)
    main                                     0x08000145   Thumb Code   210  main.o(.text)
    NMI_Handler                              0x080002ad   Thumb Code     2  stm32f10x_it.o(.text)
    HardFault_Handler                        0x080002af   Thumb Code     4  stm32f10x_it.o(.text)
    MemManage_Handler                        0x080002b3   Thumb Code     4  stm32f10x_it.o(.text)
    BusFault_Handler                         0x080002b7   Thumb Code     4  stm32f10x_it.o(.text)
    UsageFault_Handler                       0x080002bb   Thumb Code     4  stm32f10x_it.o(.text)
    SVC_Handler                              0x080002bf   Thumb Code     2  stm32f10x_it.o(.text)
    DebugMon_Handler                         0x080002c1   Thumb Code     2  stm32f10x_it.o(.text)
    PendSV_Handler                           0x080002c3   Thumb Code     2  stm32f10x_it.o(.text)
    SysTick_Handler                          0x080002c5   Thumb Code     2  stm32f10x_it.o(.text)
    SystemInit                               0x080003a7   Thumb Code    78  system_stm32f10x.o(.text)
    SystemCoreClockUpdate                    0x080003f5   Thumb Code   142  system_stm32f10x.o(.text)
    protocol_init                            0x080004a9   Thumb Code    94  protocol.o(.text)
    protocol_handler                         0x08000507   Thumb Code   814  protocol.o(.text)
    set_is_test                              0x08000835   Thumb Code    18  protocol.o(.text)
    set_lane_mode                            0x08000847   Thumb Code     2  protocol.o(.text)
    convert                                  0x08000849   Thumb Code    34  protocol.o(.text)
    LED_Init                                 0x080008c5   Thumb Code   100  led.o(.text)
    warn                                     0x08000929   Thumb Code    74  led.o(.text)
    KEY_Init                                 0x080009a9   Thumb Code   116  key.o(.text)
    KEY_Scan                                 0x08000a1d   Thumb Code   270  key.o(.text)
    LCD_WR_REG                               0x08000b41   Thumb Code     6  lcd.o(.text)
    LCD_WR_DATA                              0x08000b47   Thumb Code     8  lcd.o(.text)
    LCD_RD_DATA                              0x08000b4f   Thumb Code    16  lcd.o(.text)
    LCD_WriteReg                             0x08000b5f   Thumb Code    10  lcd.o(.text)
    LCD_ReadReg                              0x08000b69   Thumb Code    22  lcd.o(.text)
    LCD_WriteRAM_Prepare                     0x08000b7f   Thumb Code    10  lcd.o(.text)
    LCD_WriteRAM                             0x08000b89   Thumb Code     8  lcd.o(.text)
    LCD_BGR2RGB                              0x08000b91   Thumb Code    26  lcd.o(.text)
    opt_delay                                0x08000bab   Thumb Code    14  lcd.o(.text)
    LCD_SetCursor                            0x08000bb9   Thumb Code   418  lcd.o(.text)
    LCD_ReadPoint                            0x08000d5b   Thumb Code   360  lcd.o(.text)
    LCD_DisplayOn                            0x08000ec3   Thumb Code   102  lcd.o(.text)
    LCD_DisplayOff                           0x08000f29   Thumb Code    90  lcd.o(.text)
    LCD_Scan_Dir                             0x08000f83   Thumb Code   744  lcd.o(.text)
    LCD_DrawPoint                            0x0800126b   Thumb Code    28  lcd.o(.text)
    LCD_Fast_DrawPoint                       0x08001287   Thumb Code   384  lcd.o(.text)
    LCD_SSD_BackLightSet                     0x08001407   Thumb Code    80  lcd.o(.text)
    LCD_Display_Dir                          0x08001457   Thumb Code   444  lcd.o(.text)
    LCD_Set_Window                           0x08001613   Thumb Code   540  lcd.o(.text)
    LCD_Clear                                0x0800182f   Thumb Code   100  lcd.o(.text)
    LCD_Init                                 0x08001893   Thumb Code 14184  lcd.o(.text)
    LCD_Fill                                 0x08004ffb   Thumb Code   178  lcd.o(.text)
    LCD_Color_Fill                           0x080050ad   Thumb Code   106  lcd.o(.text)
    LCD_DrawLine                             0x08005117   Thumb Code   176  lcd.o(.text)
    LCD_DrawRectangle                        0x080051c7   Thumb Code    60  lcd.o(.text)
    LCD_Draw_Circle                          0x08005203   Thumb Code   152  lcd.o(.text)
    LCD_ShowChar                             0x0800529b   Thumb Code   272  lcd.o(.text)
    LCD_Pow                                  0x080053ab   Thumb Code    22  lcd.o(.text)
    LCD_ShowNum                              0x080053c1   Thumb Code   148  lcd.o(.text)
    LCD_ShowxNum                             0x08005455   Thumb Code   220  lcd.o(.text)
    LCD_ShowString                           0x08005531   Thumb Code   102  lcd.o(.text)
    CAN_Mode_Init                            0x08005599   Thumb Code   240  can.o(.text)
    USB_LP_CAN1_RX0_IRQHandler               0x08005689   Thumb Code   164  can.o(.text)
    Can_Send_Msg                             0x0800572d   Thumb Code   104  can.o(.text)
    Can_Receive_Msg                          0x08005795   Thumb Code    56  can.o(.text)
    CAN_GetMsg                               0x080057cd   Thumb Code    36  can.o(.text)
    RTC_Get_Week                             0x08005825   Thumb Code   116  rtc.o(.text)
    Is_Leap_Year                             0x08005899   Thumb Code    58  rtc.o(.text)
    RTC_Get                                  0x080058d3   Thumb Code   240  rtc.o(.text)
    RTC_Set                                  0x080059c3   Thumb Code   184  rtc.o(.text)
    RTC_Init                                 0x08005a7b   Thumb Code   192  rtc.o(.text)
    RTC_IRQHandler                           0x08005b3b   Thumb Code    76  rtc.o(.text)
    RTC_Alarm_Set                            0x08005b87   Thumb Code   184  rtc.o(.text)
    delay_init                               0x08005c7d   Thumb Code    50  delay.o(.text)
    delay_us                                 0x08005caf   Thumb Code    72  delay.o(.text)
    delay_ms                                 0x08005cf7   Thumb Code    72  delay.o(.text)
    _sys_exit                                0x08005d51   Thumb Code     4  usart.o(.text)
    fputc                                    0x08005d55   Thumb Code    24  usart.o(.text)
    uart_init                                0x08005d6d   Thumb Code   152  usart.o(.text)
    USART1_IRQHandler                        0x08005e05   Thumb Code   122  usart.o(.text)
    Reset_Handler                            0x08005e91   Thumb Code     8  startup_stm32f10x_hd.o(.text)
    ADC1_2_IRQHandler                        0x08005eab   Thumb Code     0  startup_stm32f10x_hd.o(.text)
    ADC3_IRQHandler                          0x08005eab   Thumb Code     0  startup_stm32f10x_hd.o(.text)
    CAN1_RX1_IRQHandler                      0x08005eab   Thumb Code     0  startup_stm32f10x_hd.o(.text)
    CAN1_SCE_IRQHandler                      0x08005eab   Thumb Code     0  startup_stm32f10x_hd.o(.text)
    DMA1_Channel1_IRQHandler                 0x08005eab   Thumb Code     0  startup_stm32f10x_hd.o(.text)
    DMA1_Channel2_IRQHandler                 0x08005eab   Thumb Code     0  startup_stm32f10x_hd.o(.text)
    DMA1_Channel3_IRQHandler                 0x08005eab   Thumb Code     0  startup_stm32f10x_hd.o(.text)
    DMA1_Channel4_IRQHandler                 0x08005eab   Thumb Code     0  startup_stm32f10x_hd.o(.text)
    DMA1_Channel5_IRQHandler                 0x08005eab   Thumb Code     0  startup_stm32f10x_hd.o(.text)
    DMA1_Channel6_IRQHandler                 0x08005eab   Thumb Code     0  startup_stm32f10x_hd.o(.text)
    DMA1_Channel7_IRQHandler                 0x08005eab   Thumb Code     0  startup_stm32f10x_hd.o(.text)
    DMA2_Channel1_IRQHandler                 0x08005eab   Thumb Code     0  startup_stm32f10x_hd.o(.text)
    DMA2_Channel2_IRQHandler                 0x08005eab   Thumb Code     0  startup_stm32f10x_hd.o(.text)
    DMA2_Channel3_IRQHandler                 0x08005eab   Thumb Code     0  startup_stm32f10x_hd.o(.text)
    DMA2_Channel4_5_IRQHandler               0x08005eab   Thumb Code     0  startup_stm32f10x_hd.o(.text)
    EXTI0_IRQHandler                         0x08005eab   Thumb Code     0  startup_stm32f10x_hd.o(.text)
    EXTI15_10_IRQHandler                     0x08005eab   Thumb Code     0  startup_stm32f10x_hd.o(.text)
    EXTI1_IRQHandler                         0x08005eab   Thumb Code     0  startup_stm32f10x_hd.o(.text)
    EXTI2_IRQHandler                         0x08005eab   Thumb Code     0  startup_stm32f10x_hd.o(.text)
    EXTI3_IRQHandler                         0x08005eab   Thumb Code     0  startup_stm32f10x_hd.o(.text)
    EXTI4_IRQHandler                         0x08005eab   Thumb Code     0  startup_stm32f10x_hd.o(.text)
    EXTI9_5_IRQHandler                       0x08005eab   Thumb Code     0  startup_stm32f10x_hd.o(.text)
    FLASH_IRQHandler                         0x08005eab   Thumb Code     0  startup_stm32f10x_hd.o(.text)
    FSMC_IRQHandler                          0x08005eab   Thumb Code     0  startup_stm32f10x_hd.o(.text)
    I2C1_ER_IRQHandler                       0x08005eab   Thumb Code     0  startup_stm32f10x_hd.o(.text)
    I2C1_EV_IRQHandler                       0x08005eab   Thumb Code     0  startup_stm32f10x_hd.o(.text)
    I2C2_ER_IRQHandler                       0x08005eab   Thumb Code     0  startup_stm32f10x_hd.o(.text)
    I2C2_EV_IRQHandler                       0x08005eab   Thumb Code     0  startup_stm32f10x_hd.o(.text)
    PVD_IRQHandler                           0x08005eab   Thumb Code     0  startup_stm32f10x_hd.o(.text)
    RCC_IRQHandler                           0x08005eab   Thumb Code     0  startup_stm32f10x_hd.o(.text)
    RTCAlarm_IRQHandler                      0x08005eab   Thumb Code     0  startup_stm32f10x_hd.o(.text)
    SDIO_IRQHandler                          0x08005eab   Thumb Code     0  startup_stm32f10x_hd.o(.text)
    SPI1_IRQHandler                          0x08005eab   Thumb Code     0  startup_stm32f10x_hd.o(.text)
    SPI2_IRQHandler                          0x08005eab   Thumb Code     0  startup_stm32f10x_hd.o(.text)
    SPI3_IRQHandler                          0x08005eab   Thumb Code     0  startup_stm32f10x_hd.o(.text)
    TAMPER_IRQHandler                        0x08005eab   Thumb Code     0  startup_stm32f10x_hd.o(.text)
    TIM1_BRK_IRQHandler                      0x08005eab   Thumb Code     0  startup_stm32f10x_hd.o(.text)
    TIM1_CC_IRQHandler                       0x08005eab   Thumb Code     0  startup_stm32f10x_hd.o(.text)
    TIM1_TRG_COM_IRQHandler                  0x08005eab   Thumb Code     0  startup_stm32f10x_hd.o(.text)
    TIM1_UP_IRQHandler                       0x08005eab   Thumb Code     0  startup_stm32f10x_hd.o(.text)
    TIM2_IRQHandler                          0x08005eab   Thumb Code     0  startup_stm32f10x_hd.o(.text)
    TIM3_IRQHandler                          0x08005eab   Thumb Code     0  startup_stm32f10x_hd.o(.text)
    TIM4_IRQHandler                          0x08005eab   Thumb Code     0  startup_stm32f10x_hd.o(.text)
    TIM5_IRQHandler                          0x08005eab   Thumb Code     0  startup_stm32f10x_hd.o(.text)
    TIM6_IRQHandler                          0x08005eab   Thumb Code     0  startup_stm32f10x_hd.o(.text)
    TIM7_IRQHandler                          0x08005eab   Thumb Code     0  startup_stm32f10x_hd.o(.text)
    TIM8_BRK_IRQHandler                      0x08005eab   Thumb Code     0  startup_stm32f10x_hd.o(.text)
    TIM8_CC_IRQHandler                       0x08005eab   Thumb Code     0  startup_stm32f10x_hd.o(.text)
    TIM8_TRG_COM_IRQHandler                  0x08005eab   Thumb Code     0  startup_stm32f10x_hd.o(.text)
    TIM8_UP_IRQHandler                       0x08005eab   Thumb Code     0  startup_stm32f10x_hd.o(.text)
    UART4_IRQHandler                         0x08005eab   Thumb Code     0  startup_stm32f10x_hd.o(.text)
    UART5_IRQHandler                         0x08005eab   Thumb Code     0  startup_stm32f10x_hd.o(.text)
    USART2_IRQHandler                        0x08005eab   Thumb Code     0  startup_stm32f10x_hd.o(.text)
    USART3_IRQHandler                        0x08005eab   Thumb Code     0  startup_stm32f10x_hd.o(.text)
    USBWakeUp_IRQHandler                     0x08005eab   Thumb Code     0  startup_stm32f10x_hd.o(.text)
    USB_HP_CAN1_TX_IRQHandler                0x08005eab   Thumb Code     0  startup_stm32f10x_hd.o(.text)
    WWDG_IRQHandler                          0x08005eab   Thumb Code     0  startup_stm32f10x_hd.o(.text)
    NVIC_PriorityGroupConfig                 0x08005eb5   Thumb Code    10  misc.o(.text)
    NVIC_Init                                0x08005ebf   Thumb Code   100  misc.o(.text)
    NVIC_SetVectorTable                      0x08005f23   Thumb Code    14  misc.o(.text)
    NVIC_SystemLPConfig                      0x08005f31   Thumb Code    34  misc.o(.text)
    SysTick_CLKSourceConfig                  0x08005f53   Thumb Code    40  misc.o(.text)
    FSMC_NORSRAMDeInit                       0x08005f91   Thumb Code    54  stm32f10x_fsmc.o(.text)
    FSMC_NANDDeInit                          0x08005fc7   Thumb Code    62  stm32f10x_fsmc.o(.text)
    FSMC_PCCARDDeInit                        0x08006005   Thumb Code    36  stm32f10x_fsmc.o(.text)
    FSMC_NORSRAMInit                         0x08006029   Thumb Code   230  stm32f10x_fsmc.o(.text)
    FSMC_NANDInit                            0x0800610f   Thumb Code   132  stm32f10x_fsmc.o(.text)
    FSMC_PCCARDInit                          0x08006193   Thumb Code   130  stm32f10x_fsmc.o(.text)
    FSMC_NORSRAMStructInit                   0x08006215   Thumb Code   114  stm32f10x_fsmc.o(.text)
    FSMC_NANDStructInit                      0x08006287   Thumb Code    54  stm32f10x_fsmc.o(.text)
    FSMC_PCCARDStructInit                    0x080062bd   Thumb Code    60  stm32f10x_fsmc.o(.text)
    FSMC_NORSRAMCmd                          0x080062f9   Thumb Code    46  stm32f10x_fsmc.o(.text)
    FSMC_NANDCmd                             0x08006327   Thumb Code    86  stm32f10x_fsmc.o(.text)
    FSMC_PCCARDCmd                           0x0800637d   Thumb Code    44  stm32f10x_fsmc.o(.text)
    FSMC_NANDECCCmd                          0x080063a9   Thumb Code    90  stm32f10x_fsmc.o(.text)
    FSMC_GetECC                              0x08006403   Thumb Code    24  stm32f10x_fsmc.o(.text)
    FSMC_ITConfig                            0x0800641b   Thumb Code   128  stm32f10x_fsmc.o(.text)
    FSMC_GetFlagStatus                       0x0800649b   Thumb Code    54  stm32f10x_fsmc.o(.text)
    FSMC_ClearFlag                           0x080064d1   Thumb Code    62  stm32f10x_fsmc.o(.text)
    FSMC_GetITStatus                         0x0800650f   Thumb Code    64  stm32f10x_fsmc.o(.text)
    FSMC_ClearITPendingBit                   0x0800654f   Thumb Code    68  stm32f10x_fsmc.o(.text)
    GPIO_DeInit                              0x0800659d   Thumb Code   172  stm32f10x_gpio.o(.text)
    GPIO_AFIODeInit                          0x08006649   Thumb Code    20  stm32f10x_gpio.o(.text)
    GPIO_Init                                0x0800665d   Thumb Code   278  stm32f10x_gpio.o(.text)
    GPIO_StructInit                          0x08006773   Thumb Code    16  stm32f10x_gpio.o(.text)
    GPIO_ReadInputDataBit                    0x08006783   Thumb Code    18  stm32f10x_gpio.o(.text)
    GPIO_ReadInputData                       0x08006795   Thumb Code     8  stm32f10x_gpio.o(.text)
    GPIO_ReadOutputDataBit                   0x0800679d   Thumb Code    18  stm32f10x_gpio.o(.text)
    GPIO_ReadOutputData                      0x080067af   Thumb Code     8  stm32f10x_gpio.o(.text)
    GPIO_SetBits                             0x080067b7   Thumb Code     4  stm32f10x_gpio.o(.text)
    GPIO_ResetBits                           0x080067bb   Thumb Code     4  stm32f10x_gpio.o(.text)
    GPIO_WriteBit                            0x080067bf   Thumb Code    10  stm32f10x_gpio.o(.text)
    GPIO_Write                               0x080067c9   Thumb Code     4  stm32f10x_gpio.o(.text)
    GPIO_PinLockConfig                       0x080067cd   Thumb Code    18  stm32f10x_gpio.o(.text)
    GPIO_EventOutputConfig                   0x080067df   Thumb Code    26  stm32f10x_gpio.o(.text)
    GPIO_EventOutputCmd                      0x080067f9   Thumb Code     6  stm32f10x_gpio.o(.text)
    GPIO_PinRemapConfig                      0x080067ff   Thumb Code   138  stm32f10x_gpio.o(.text)
    GPIO_EXTILineConfig                      0x08006889   Thumb Code    66  stm32f10x_gpio.o(.text)
    GPIO_ETH_MediaInterfaceConfig            0x080068cb   Thumb Code     8  stm32f10x_gpio.o(.text)
    RCC_DeInit                               0x080068f9   Thumb Code    64  stm32f10x_rcc.o(.text)
    RCC_HSEConfig                            0x08006939   Thumb Code    70  stm32f10x_rcc.o(.text)
    RCC_GetFlagStatus                        0x0800697f   Thumb Code    56  stm32f10x_rcc.o(.text)
    RCC_WaitForHSEStartUp                    0x080069b7   Thumb Code    56  stm32f10x_rcc.o(.text)
    RCC_AdjustHSICalibrationValue            0x080069ef   Thumb Code    20  stm32f10x_rcc.o(.text)
    RCC_HSICmd                               0x08006a03   Thumb Code     6  stm32f10x_rcc.o(.text)
    RCC_PLLConfig                            0x08006a09   Thumb Code    24  stm32f10x_rcc.o(.text)
    RCC_PLLCmd                               0x08006a21   Thumb Code     6  stm32f10x_rcc.o(.text)
    RCC_SYSCLKConfig                         0x08006a27   Thumb Code    18  stm32f10x_rcc.o(.text)
    RCC_GetSYSCLKSource                      0x08006a39   Thumb Code    10  stm32f10x_rcc.o(.text)
    RCC_HCLKConfig                           0x08006a43   Thumb Code    18  stm32f10x_rcc.o(.text)
    RCC_PCLK1Config                          0x08006a55   Thumb Code    18  stm32f10x_rcc.o(.text)
    RCC_PCLK2Config                          0x08006a67   Thumb Code    20  stm32f10x_rcc.o(.text)
    RCC_ITConfig                             0x08006a7b   Thumb Code    26  stm32f10x_rcc.o(.text)
    RCC_USBCLKConfig                         0x08006a95   Thumb Code     8  stm32f10x_rcc.o(.text)
    RCC_ADCCLKConfig                         0x08006a9d   Thumb Code    18  stm32f10x_rcc.o(.text)
    RCC_LSEConfig                            0x08006aaf   Thumb Code    50  stm32f10x_rcc.o(.text)
    RCC_LSICmd                               0x08006ae1   Thumb Code     6  stm32f10x_rcc.o(.text)
    RCC_RTCCLKConfig                         0x08006ae7   Thumb Code    12  stm32f10x_rcc.o(.text)
    RCC_RTCCLKCmd                            0x08006af3   Thumb Code     8  stm32f10x_rcc.o(.text)
    RCC_GetClocksFreq                        0x08006afb   Thumb Code   192  stm32f10x_rcc.o(.text)
    RCC_AHBPeriphClockCmd                    0x08006bbb   Thumb Code    26  stm32f10x_rcc.o(.text)
    RCC_APB2PeriphClockCmd                   0x08006bd5   Thumb Code    26  stm32f10x_rcc.o(.text)
    RCC_APB1PeriphClockCmd                   0x08006bef   Thumb Code    26  stm32f10x_rcc.o(.text)
    RCC_APB2PeriphResetCmd                   0x08006c09   Thumb Code    26  stm32f10x_rcc.o(.text)
    RCC_APB1PeriphResetCmd                   0x08006c23   Thumb Code    26  stm32f10x_rcc.o(.text)
    RCC_BackupResetCmd                       0x08006c3d   Thumb Code     8  stm32f10x_rcc.o(.text)
    RCC_ClockSecuritySystemCmd               0x08006c45   Thumb Code     6  stm32f10x_rcc.o(.text)
    RCC_MCOConfig                            0x08006c4b   Thumb Code     6  stm32f10x_rcc.o(.text)
    RCC_ClearFlag                            0x08006c51   Thumb Code    14  stm32f10x_rcc.o(.text)
    RCC_GetITStatus                          0x08006c5f   Thumb Code    20  stm32f10x_rcc.o(.text)
    RCC_ClearITPendingBit                    0x08006c73   Thumb Code     6  stm32f10x_rcc.o(.text)
    CAN_DeInit                               0x08006c9d   Thumb Code    50  stm32f10x_can.o(.text)
    CAN_Init                                 0x08006ccf   Thumb Code   276  stm32f10x_can.o(.text)
    CAN_FilterInit                           0x08006de3   Thumb Code   258  stm32f10x_can.o(.text)
    CAN_StructInit                           0x08006ee5   Thumb Code    32  stm32f10x_can.o(.text)
    CAN_SlaveStartBank                       0x08006f05   Thumb Code    48  stm32f10x_can.o(.text)
    CAN_DBGFreeze                            0x08006f35   Thumb Code    22  stm32f10x_can.o(.text)
    CAN_TTComModeCmd                         0x08006f4b   Thumb Code   118  stm32f10x_can.o(.text)
    CAN_Transmit                             0x08006fc1   Thumb Code   304  stm32f10x_can.o(.text)
    CAN_TransmitStatus                       0x080070f1   Thumb Code   138  stm32f10x_can.o(.text)
    CAN_CancelTransmit                       0x0800717b   Thumb Code    48  stm32f10x_can.o(.text)
    CAN_Receive                              0x080071ab   Thumb Code   240  stm32f10x_can.o(.text)
    CAN_FIFORelease                          0x0800729b   Thumb Code    22  stm32f10x_can.o(.text)
    CAN_MessagePending                       0x080072b1   Thumb Code    30  stm32f10x_can.o(.text)
    CAN_OperatingModeRequest                 0x080072cf   Thumb Code   162  stm32f10x_can.o(.text)
    CAN_Sleep                                0x08007371   Thumb Code    30  stm32f10x_can.o(.text)
    CAN_WakeUp                               0x0800738f   Thumb Code    48  stm32f10x_can.o(.text)
    CAN_GetLastErrorCode                     0x080073bf   Thumb Code    12  stm32f10x_can.o(.text)
    CAN_GetReceiveErrorCounter               0x080073cb   Thumb Code    10  stm32f10x_can.o(.text)
    CAN_GetLSBTransmitErrorCounter           0x080073d5   Thumb Code    12  stm32f10x_can.o(.text)
    CAN_ITConfig                             0x080073e1   Thumb Code    18  stm32f10x_can.o(.text)
    CAN_GetFlagStatus                        0x080073f3   Thumb Code   120  stm32f10x_can.o(.text)
    CAN_ClearFlag                            0x0800746b   Thumb Code    52  stm32f10x_can.o(.text)
    CAN_GetITStatus                          0x080074b1   Thumb Code   310  stm32f10x_can.o(.text)
    CAN_ClearITPendingBit                    0x080075e7   Thumb Code   162  stm32f10x_can.o(.text)
    USART_DeInit                             0x0800768d   Thumb Code   134  stm32f10x_usart.o(.text)
    USART_Init                               0x08007713   Thumb Code   210  stm32f10x_usart.o(.text)
    USART_StructInit                         0x080077e5   Thumb Code    24  stm32f10x_usart.o(.text)
    USART_ClockInit                          0x080077fd   Thumb Code    34  stm32f10x_usart.o(.text)
    USART_ClockStructInit                    0x0800781f   Thumb Code    12  stm32f10x_usart.o(.text)
    USART_Cmd                                0x0800782b   Thumb Code    24  stm32f10x_usart.o(.text)
    USART_ITConfig                           0x08007843   Thumb Code    74  stm32f10x_usart.o(.text)
    USART_DMACmd                             0x0800788d   Thumb Code    18  stm32f10x_usart.o(.text)
    USART_SetAddress                         0x0800789f   Thumb Code    18  stm32f10x_usart.o(.text)
    USART_WakeUpConfig                       0x080078b1   Thumb Code    18  stm32f10x_usart.o(.text)
    USART_ReceiverWakeUpCmd                  0x080078c3   Thumb Code    24  stm32f10x_usart.o(.text)
    USART_LINBreakDetectLengthConfig         0x080078db   Thumb Code    18  stm32f10x_usart.o(.text)
    USART_LINCmd                             0x080078ed   Thumb Code    24  stm32f10x_usart.o(.text)
    USART_SendData                           0x08007905   Thumb Code     8  stm32f10x_usart.o(.text)
    USART_ReceiveData                        0x0800790d   Thumb Code    10  stm32f10x_usart.o(.text)
    USART_SendBreak                          0x08007917   Thumb Code    10  stm32f10x_usart.o(.text)
    USART_SetGuardTime                       0x08007921   Thumb Code    16  stm32f10x_usart.o(.text)
    USART_SetPrescaler                       0x08007931   Thumb Code    16  stm32f10x_usart.o(.text)
    USART_SmartCardCmd                       0x08007941   Thumb Code    24  stm32f10x_usart.o(.text)
    USART_SmartCardNACKCmd                   0x08007959   Thumb Code    24  stm32f10x_usart.o(.text)
    USART_HalfDuplexCmd                      0x08007971   Thumb Code    24  stm32f10x_usart.o(.text)
    USART_OverSampling8Cmd                   0x08007989   Thumb Code    22  stm32f10x_usart.o(.text)
    USART_OneBitMethodCmd                    0x0800799f   Thumb Code    24  stm32f10x_usart.o(.text)
    USART_IrDAConfig                         0x080079b7   Thumb Code    18  stm32f10x_usart.o(.text)
    USART_IrDACmd                            0x080079c9   Thumb Code    24  stm32f10x_usart.o(.text)
    USART_GetFlagStatus                      0x080079e1   Thumb Code    26  stm32f10x_usart.o(.text)
    USART_ClearFlag                          0x080079fb   Thumb Code    18  stm32f10x_usart.o(.text)
    USART_GetITStatus                        0x08007a0d   Thumb Code    84  stm32f10x_usart.o(.text)
    USART_ClearITPendingBit                  0x08007a61   Thumb Code    52  stm32f10x_usart.o(.text)
    BKP_DeInit                               0x08007a95   Thumb Code    16  stm32f10x_bkp.o(.text)
    BKP_TamperPinLevelConfig                 0x08007aa5   Thumb Code     6  stm32f10x_bkp.o(.text)
    BKP_TamperPinCmd                         0x08007aab   Thumb Code     8  stm32f10x_bkp.o(.text)
    BKP_ITConfig                             0x08007ab3   Thumb Code     8  stm32f10x_bkp.o(.text)
    BKP_RTCOutputConfig                      0x08007abb   Thumb Code    22  stm32f10x_bkp.o(.text)
    BKP_SetRTCCalibrationValue               0x08007ad1   Thumb Code    22  stm32f10x_bkp.o(.text)
    BKP_WriteBackupRegister                  0x08007ae7   Thumb Code    24  stm32f10x_bkp.o(.text)
    BKP_ReadBackupRegister                   0x08007aff   Thumb Code    26  stm32f10x_bkp.o(.text)
    BKP_GetFlagStatus                        0x08007b19   Thumb Code    10  stm32f10x_bkp.o(.text)
    BKP_ClearFlag                            0x08007b23   Thumb Code    18  stm32f10x_bkp.o(.text)
    BKP_GetITStatus                          0x08007b35   Thumb Code    10  stm32f10x_bkp.o(.text)
    BKP_ClearITPendingBit                    0x08007b3f   Thumb Code    18  stm32f10x_bkp.o(.text)
    PWR_DeInit                               0x08007b59   Thumb Code    22  stm32f10x_pwr.o(.text)
    PWR_BackupAccessCmd                      0x08007b6f   Thumb Code     6  stm32f10x_pwr.o(.text)
    PWR_PVDCmd                               0x08007b75   Thumb Code     6  stm32f10x_pwr.o(.text)
    PWR_PVDLevelConfig                       0x08007b7b   Thumb Code    18  stm32f10x_pwr.o(.text)
    PWR_WakeUpPinCmd                         0x08007b8d   Thumb Code     8  stm32f10x_pwr.o(.text)
    PWR_EnterSTOPMode                        0x08007b95   Thumb Code    54  stm32f10x_pwr.o(.text)
    PWR_EnterSTANDBYMode                     0x08007bcb   Thumb Code    42  stm32f10x_pwr.o(.text)
    PWR_GetFlagStatus                        0x08007bf5   Thumb Code    20  stm32f10x_pwr.o(.text)
    PWR_ClearFlag                            0x08007c09   Thumb Code    14  stm32f10x_pwr.o(.text)
    RTC_ITConfig                             0x08007c25   Thumb Code    26  stm32f10x_rtc.o(.text)
    RTC_EnterConfigMode                      0x08007c3f   Thumb Code    18  stm32f10x_rtc.o(.text)
    RTC_ExitConfigMode                       0x08007c51   Thumb Code    20  stm32f10x_rtc.o(.text)
    RTC_GetCounter                           0x08007c65   Thumb Code    18  stm32f10x_rtc.o(.text)
    RTC_SetCounter                           0x08007c77   Thumb Code    26  stm32f10x_rtc.o(.text)
    RTC_SetPrescaler                         0x08007c91   Thumb Code    28  stm32f10x_rtc.o(.text)
    RTC_SetAlarm                             0x08007cad   Thumb Code    26  stm32f10x_rtc.o(.text)
    RTC_GetDivider                           0x08007cc7   Thumb Code    22  stm32f10x_rtc.o(.text)
    RTC_WaitForLastTask                      0x08007cdd   Thumb Code    18  stm32f10x_rtc.o(.text)
    RTC_WaitForSynchro                       0x08007cef   Thumb Code    36  stm32f10x_rtc.o(.text)
    RTC_GetFlagStatus                        0x08007d13   Thumb Code    22  stm32f10x_rtc.o(.text)
    RTC_ClearFlag                            0x08007d29   Thumb Code    16  stm32f10x_rtc.o(.text)
    RTC_GetITStatus                          0x08007d39   Thumb Code    32  stm32f10x_rtc.o(.text)
    RTC_ClearITPendingBit                    0x08007d59   Thumb Code    16  stm32f10x_rtc.o(.text)
    __aeabi_fmul                             0x08007d6d   Thumb Code   100  fmul.o(.text)
    __aeabi_fdiv                             0x08007dd1   Thumb Code   124  fdiv.o(.text)
    __aeabi_dmul                             0x08007e4d   Thumb Code   228  dmul.o(.text)
    __aeabi_i2f                              0x08007f31   Thumb Code    18  fflti.o(.text)
    __aeabi_ul2f                             0x08007f43   Thumb Code    28  ffltul.o(.text)
    __aeabi_ui2d                             0x08007f5f   Thumb Code    26  dfltui.o(.text)
    __aeabi_d2uiz                            0x08007f79   Thumb Code    50  dfixui.o(.text)
    __aeabi_f2d                              0x08007fab   Thumb Code    38  f2d.o(.text)
    __aeabi_cfcmpeq                          0x08007fd1   Thumb Code     0  cfcmple.o(.text)
    __aeabi_cfcmple                          0x08007fd1   Thumb Code    20  cfcmple.o(.text)
    __aeabi_cfrcmple                         0x08007fe5   Thumb Code    20  cfrcmple.o(.text)
    __aeabi_uidiv                            0x08007ff9   Thumb Code     0  uidiv.o(.text)
    __aeabi_uidivmod                         0x08007ff9   Thumb Code    44  uidiv.o(.text)
    __aeabi_uldivmod                         0x08008025   Thumb Code    98  uldiv.o(.text)
    __aeabi_llsr                             0x08008087   Thumb Code    32  llushr.o(.text)
    _ll_ushift_r                             0x08008087   Thumb Code     0  llushr.o(.text)
    __I$use$fp                               0x080080a7   Thumb Code     0  iusefp.o(.text)
    _float_round                             0x080080a7   Thumb Code    18  fepilogue.o(.text)
    _float_epilogue                          0x080080b9   Thumb Code    92  fepilogue.o(.text)
    __aeabi_fadd                             0x08008115   Thumb Code   164  fadd.o(.text)
    __aeabi_fsub                             0x080081b9   Thumb Code     6  fadd.o(.text)
    __aeabi_frsub                            0x080081bf   Thumb Code     6  fadd.o(.text)
    _frnd                                    0x080081c5   Thumb Code    60  frnd.o(.text)
    _double_round                            0x08008201   Thumb Code    30  depilogue.o(.text)
    _double_epilogue                         0x0800821f   Thumb Code   156  depilogue.o(.text)
    __aeabi_dadd                             0x080082bb   Thumb Code   322  dadd.o(.text)
    __aeabi_dsub                             0x080083fd   Thumb Code     6  dadd.o(.text)
    __aeabi_drsub                            0x08008403   Thumb Code     6  dadd.o(.text)
    __aeabi_ddiv                             0x08008409   Thumb Code   222  ddiv.o(.text)
    __aeabi_f2iz                             0x080084e7   Thumb Code    50  ffixi.o(.text)
    __aeabi_d2ulz                            0x08008519   Thumb Code    48  dfixul.o(.text)
    __aeabi_cdrcmple                         0x08008549   Thumb Code    48  cdrcmple.o(.text)
    __scatterload                            0x08008579   Thumb Code    28  init.o(.text)
    __scatterload_rt2                        0x08008579   Thumb Code     0  init.o(.text)
    __aeabi_llsl                             0x0800859d   Thumb Code    30  llshl.o(.text)
    _ll_shift_l                              0x0800859d   Thumb Code     0  llshl.o(.text)
    __aeabi_lasr                             0x080085bb   Thumb Code    36  llsshr.o(.text)
    _ll_sshift_r                             0x080085bb   Thumb Code     0  llsshr.o(.text)
    __ARM_scalbnf                            0x080085df   Thumb Code    24  fscalb.o(.text)
    scalbnf                                  0x080085df   Thumb Code     0  fscalb.o(.text)
    __aeabi_ui2f                             0x080085f7   Thumb Code    10  ffltui.o(.text)
    __0printf                                0x08008601   Thumb Code    22  printfa.o(i.__0printf)
    __1printf                                0x08008601   Thumb Code     0  printfa.o(i.__0printf)
    __2printf                                0x08008601   Thumb Code     0  printfa.o(i.__0printf)
    __c89printf                              0x08008601   Thumb Code     0  printfa.o(i.__0printf)
    printf                                   0x08008601   Thumb Code     0  printfa.o(i.__0printf)
    __ARM_fpclassifyf                        0x08008621   Thumb Code    38  fpclassifyf.o(i.__ARM_fpclassifyf)
    __mathlib_flt_infnan                     0x08008647   Thumb Code     6  funder.o(i.__mathlib_flt_infnan)
    __mathlib_flt_invalid                    0x0800864d   Thumb Code     8  funder.o(i.__mathlib_flt_invalid)
    __mathlib_flt_underflow                  0x08008655   Thumb Code    10  funder.o(i.__mathlib_flt_underflow)
    __mathlib_rredf2                         0x08008661   Thumb Code   344  rredf.o(i.__mathlib_rredf2)
    __scatterload_copy                       0x080087c9   Thumb Code    14  handlers.o(i.__scatterload_copy)
    __scatterload_null                       0x080087d7   Thumb Code     2  handlers.o(i.__scatterload_null)
    __scatterload_zeroinit                   0x080087d9   Thumb Code    14  handlers.o(i.__scatterload_zeroinit)
    __set_errno                              0x080087e9   Thumb Code     6  errno.o(i.__set_errno)
    cosf                                     0x08009089   Thumb Code   328  cosf.o(i.cosf)
    sinf                                     0x08009205   Thumb Code   338  sinf.o(i.sinf)
    asc2_1206                                0x0800938c   Data        1140  lcd.o(.constdata)
    asc2_1608                                0x08009800   Data        1520  lcd.o(.constdata)
    asc2_2412                                0x08009df0   Data        3420  lcd.o(.constdata)
    table_week                               0x0800ab4c   Data          12  rtc.o(.constdata)
    mon_table                                0x0800ab58   Data          12  rtc.o(.constdata)
    Region$$Table$$Base                      0x0800ac0c   Number         0  anon$$obj.o(Region$$Table)
    Region$$Table$$Limit                     0x0800ac2c   Number         0  anon$$obj.o(Region$$Table)
    SystemCoreClock                          0x20000000   Data           4  system_stm32f10x.o(.data)
    AHBPrescTable                            0x20000004   Data          16  system_stm32f10x.o(.data)
    count                                    0x20000014   Data           4  protocol.o(.data)
    b                                        0x20000018   Data           4  protocol.o(.data)
    Can_Rec_Link                             0x2000001c   Data           8  protocol.o(.data)
    warn_timestamp                           0x20000024   Data           4  protocol.o(.data)
    is_test                                  0x20000028   Data           1  protocol.o(.data)
    is_warning                               0x20000029   Data           1  led.o(.data)
    POINT_COLOR                              0x2000002c   Data           2  lcd.o(.data)
    BACK_COLOR                               0x2000002e   Data           2  lcd.o(.data)
    RxBuf                                    0x20000030   Data           5  can.o(.data)
    Rx_flag                                  0x20000035   Data           1  can.o(.data)
    __stdout                                 0x2000003c   Data           4  usart.o(.data)
    USART_RX_STA                             0x20000040   Data           2  usart.o(.data)
    can_msg_list                             0x2000005c   Data        4000  protocol.o(.bss)
    lcddev                                   0x20000ffc   Data          14  lcd.o(.bss)
    calendar                                 0x2000100a   Data          10  rtc.o(.bss)
    USART_RX_BUF                             0x20001014   Data         200  usart.o(.bss)
    __initial_sp                             0x200014e0   Data           0  startup_stm32f10x_hd.o(STACK)



==============================================================================

Memory Map of the image

  Image Entry point : 0x08000131

  Load Region LR_IROM1 (Base: 0x08000000, Size: 0x0000ac88, Max: 0x00080000, ABSOLUTE)

    Execution Region ER_IROM1 (Base: 0x08000000, Size: 0x0000ac2c, Max: 0x00080000, ABSOLUTE)

    Base Addr    Size         Type   Attr      Idx    E Section Name        Object

    0x08000000   0x00000130   Data   RO          429    RESET               startup_stm32f10x_hd.o
    0x08000130   0x00000000   Code   RO          728  * .ARM.Collect$$$$00000000  mc_w.l(entry.o)
    0x08000130   0x00000004   Code   RO         1031    .ARM.Collect$$$$00000001  mc_w.l(entry2.o)
    0x08000134   0x00000004   Code   RO         1034    .ARM.Collect$$$$00000004  mc_w.l(entry5.o)
    0x08000138   0x00000000   Code   RO         1036    .ARM.Collect$$$$00000008  mc_w.l(entry7b.o)
    0x08000138   0x00000000   Code   RO         1038    .ARM.Collect$$$$0000000A  mc_w.l(entry8b.o)
    0x08000138   0x00000008   Code   RO         1039    .ARM.Collect$$$$0000000B  mc_w.l(entry9a.o)
    0x08000140   0x00000000   Code   RO         1041    .ARM.Collect$$$$0000000D  mc_w.l(entry10a.o)
    0x08000140   0x00000000   Code   RO         1043    .ARM.Collect$$$$0000000F  mc_w.l(entry11a.o)
    0x08000140   0x00000004   Code   RO         1032    .ARM.Collect$$$$00002712  mc_w.l(entry2.o)
    0x08000144   0x00000168   Code   RO            1    .text               main.o
    0x080002ac   0x0000001a   Code   RO          149    .text               stm32f10x_it.o
    0x080002c6   0x00000002   PAD
    0x080002c8   0x000001e0   Code   RO          190    .text               system_stm32f10x.o
    0x080004a8   0x0000041c   Code   RO          208    .text               protocol.o
    0x080008c4   0x000000e4   Code   RO          266    .text               led.o
    0x080009a8   0x00000198   Code   RO          285    .text               key.o
    0x08000b40   0x00004a56   Code   RO          298    .text               lcd.o
    0x08005596   0x00000002   PAD
    0x08005598   0x0000026c   Code   RO          321    .text               can.o
    0x08005804   0x00000478   Code   RO          343    .text               rtc.o
    0x08005c7c   0x000000d4   Code   RO          363    .text               delay.o
    0x08005d50   0x00000140   Code   RO          394    .text               usart.o
    0x08005e90   0x00000024   Code   RO          430    .text               startup_stm32f10x_hd.o
    0x08005eb4   0x000000dc   Code   RO          434    .text               misc.o
    0x08005f90   0x0000060c   Code   RO          446    .text               stm32f10x_fsmc.o
    0x0800659c   0x0000035c   Code   RO          458    .text               stm32f10x_gpio.o
    0x080068f8   0x000003a4   Code   RO          470    .text               stm32f10x_rcc.o
    0x08006c9c   0x000009f0   Code   RO          484    .text               stm32f10x_can.o
    0x0800768c   0x00000408   Code   RO          496    .text               stm32f10x_usart.o
    0x08007a94   0x000000c4   Code   RO          520    .text               stm32f10x_bkp.o
    0x08007b58   0x000000cc   Code   RO          640    .text               stm32f10x_pwr.o
    0x08007c24   0x00000148   Code   RO          652    .text               stm32f10x_rtc.o
    0x08007d6c   0x00000064   Code   RO          992    .text               mf_w.l(fmul.o)
    0x08007dd0   0x0000007c   Code   RO          994    .text               mf_w.l(fdiv.o)
    0x08007e4c   0x000000e4   Code   RO          996    .text               mf_w.l(dmul.o)
    0x08007f30   0x00000012   Code   RO          998    .text               mf_w.l(fflti.o)
    0x08007f42   0x0000001c   Code   RO         1000    .text               mf_w.l(ffltul.o)
    0x08007f5e   0x0000001a   Code   RO         1002    .text               mf_w.l(dfltui.o)
    0x08007f78   0x00000032   Code   RO         1004    .text               mf_w.l(dfixui.o)
    0x08007faa   0x00000026   Code   RO         1006    .text               mf_w.l(f2d.o)
    0x08007fd0   0x00000014   Code   RO         1008    .text               mf_w.l(cfcmple.o)
    0x08007fe4   0x00000014   Code   RO         1010    .text               mf_w.l(cfrcmple.o)
    0x08007ff8   0x0000002c   Code   RO         1045    .text               mc_w.l(uidiv.o)
    0x08008024   0x00000062   Code   RO         1047    .text               mc_w.l(uldiv.o)
    0x08008086   0x00000020   Code   RO         1049    .text               mc_w.l(llushr.o)
    0x080080a6   0x00000000   Code   RO         1058    .text               mc_w.l(iusefp.o)
    0x080080a6   0x0000006e   Code   RO         1059    .text               mf_w.l(fepilogue.o)
    0x08008114   0x000000b0   Code   RO         1061    .text               mf_w.l(fadd.o)
    0x080081c4   0x0000003c   Code   RO         1063    .text               mf_w.l(frnd.o)
    0x08008200   0x000000ba   Code   RO         1065    .text               mf_w.l(depilogue.o)
    0x080082ba   0x0000014e   Code   RO         1067    .text               mf_w.l(dadd.o)
    0x08008408   0x000000de   Code   RO         1069    .text               mf_w.l(ddiv.o)
    0x080084e6   0x00000032   Code   RO         1071    .text               mf_w.l(ffixi.o)
    0x08008518   0x00000030   Code   RO         1073    .text               mf_w.l(dfixul.o)
    0x08008548   0x00000030   Code   RO         1075    .text               mf_w.l(cdrcmple.o)
    0x08008578   0x00000024   Code   RO         1077    .text               mc_w.l(init.o)
    0x0800859c   0x0000001e   Code   RO         1079    .text               mc_w.l(llshl.o)
    0x080085ba   0x00000024   Code   RO         1081    .text               mc_w.l(llsshr.o)
    0x080085de   0x00000018   Code   RO         1083    .text               mf_w.l(fscalb.o)
    0x080085f6   0x0000000a   Code   RO         1085    .text               mf_w.l(ffltui.o)
    0x08008600   0x00000020   Code   RO          964    i.__0printf         mc_w.l(printfa.o)
    0x08008620   0x00000026   Code   RO         1012    i.__ARM_fpclassifyf  m_ws.l(fpclassifyf.o)
    0x08008646   0x00000006   Code   RO         1015    i.__mathlib_flt_infnan  m_ws.l(funder.o)
    0x0800864c   0x00000008   Code   RO         1017    i.__mathlib_flt_invalid  m_ws.l(funder.o)
    0x08008654   0x0000000a   Code   RO         1020    i.__mathlib_flt_underflow  m_ws.l(funder.o)
    0x0800865e   0x00000002   PAD
    0x08008660   0x00000168   Code   RO         1028    i.__mathlib_rredf2  m_ws.l(rredf.o)
    0x080087c8   0x0000000e   Code   RO         1089    i.__scatterload_copy  mc_w.l(handlers.o)
    0x080087d6   0x00000002   Code   RO         1090    i.__scatterload_null  mc_w.l(handlers.o)
    0x080087d8   0x0000000e   Code   RO         1091    i.__scatterload_zeroinit  mc_w.l(handlers.o)
    0x080087e6   0x00000002   PAD
    0x080087e8   0x0000000c   Code   RO         1053    i.__set_errno       mc_w.l(errno.o)
    0x080087f4   0x00000164   Code   RO          971    i._fp_digits        mc_w.l(printfa.o)
    0x08008958   0x000006dc   Code   RO          972    i._printf_core      mc_w.l(printfa.o)
    0x08009034   0x00000024   Code   RO          973    i._printf_post_padding  mc_w.l(printfa.o)
    0x08009058   0x0000002e   Code   RO          974    i._printf_pre_padding  mc_w.l(printfa.o)
    0x08009086   0x00000002   PAD
    0x08009088   0x0000017c   Code   RO          713    i.cosf              m_ws.l(cosf.o)
    0x08009204   0x00000188   Code   RO          721    i.sinf              m_ws.l(sinf.o)
    0x0800938c   0x000017c0   Data   RO          300    .constdata          lcd.o
    0x0800ab4c   0x00000018   Data   RO          345    .constdata          rtc.o
    0x0800ab64   0x00000020   Data   RO         1029    .constdata          m_ws.l(rredf.o)
    0x0800ab84   0x00000087   Data   RO          210    .conststring        protocol.o
    0x0800ac0b   0x00000001   PAD
    0x0800ac0c   0x00000020   Data   RO         1087    Region$$Table       anon$$obj.o


    Execution Region RW_IRAM1 (Base: 0x20000000, Size: 0x000014e0, Max: 0x00010000, ABSOLUTE)

    Base Addr    Size         Type   Attr      Idx    E Section Name        Object

    0x20000000   0x00000014   Data   RW          191    .data               system_stm32f10x.o
    0x20000014   0x00000015   Data   RW          211    .data               protocol.o
    0x20000029   0x00000001   Data   RW          267    .data               led.o
    0x2000002a   0x00000001   Data   RW          286    .data               key.o
    0x2000002b   0x00000001   PAD
    0x2000002c   0x00000004   Data   RW          301    .data               lcd.o
    0x20000030   0x00000006   Data   RW          322    .data               can.o
    0x20000036   0x00000002   Data   RW          346    .data               rtc.o
    0x20000038   0x00000004   Data   RW          364    .data               delay.o
    0x2000003c   0x00000006   Data   RW          396    .data               usart.o
    0x20000042   0x00000014   Data   RW          471    .data               stm32f10x_rcc.o
    0x20000056   0x00000002   PAD
    0x20000058   0x00000004   Data   RW         1054    .data               mc_w.l(errno.o)
    0x2000005c   0x00000fa0   Zero   RW          209    .bss                protocol.o
    0x20000ffc   0x0000000e   Zero   RW          299    .bss                lcd.o
    0x2000100a   0x0000000a   Zero   RW          344    .bss                rtc.o
    0x20001014   0x000000c8   Zero   RW          395    .bss                usart.o
    0x200010dc   0x00000004   PAD
    0x200010e0   0x00000400   Zero   RW          427    STACK               startup_stm32f10x_hd.o


==============================================================================

Image component sizes


      Code (inc. data)   RO Data    RW Data    ZI Data      Debug   Object Name

       620         20          0          6          0       2839   can.o
       212         18          0          4          0        955   delay.o
       408         22          0          1          0        892   key.o
     19030        162       6080          4         14      21558   lcd.o
       228         54          0          1          0        881   led.o
       360        158          0          0          0     249423   main.o
       220         22          0          0          0       1733   misc.o
      1052         90        135         21       4000       3254   protocol.o
      1144         62         24          2         10       4110   rtc.o
        36          8        304          0       1024        756   startup_stm32f10x_hd.o
       196          8          0          0          0       3396   stm32f10x_bkp.o
      2544         38          0          0          0       7788   stm32f10x_can.o
      1548         18          0          0          0       5279   stm32f10x_fsmc.o
       860         38          0          0          0       5577   stm32f10x_gpio.o
        26          0          0          0          0       1146   stm32f10x_it.o
       204         14          0          0          0       1883   stm32f10x_pwr.o
       932         36          0         20          0       8716   stm32f10x_rcc.o
       328          4          0          0          0       2634   stm32f10x_rtc.o
      1032         22          0          0          0       8304   stm32f10x_usart.o
         0          0          0          0          0         32   sys.o
       480         38          0         20          0       1635   system_stm32f10x.o
       320         18          0          6        200       3026   usart.o

    ----------------------------------------------------------------------
     31784        850       6576         88       5252     335817   Object Totals
         0          0         32          0          0          0   (incl. Generated)
         4          0          1          3          4          0   (incl. Padding)

    ----------------------------------------------------------------------

      Code (inc. data)   RO Data    RW Data    ZI Data      Debug   Library Member Name

       380         52          0          0          0        124   cosf.o
        38          0          0          0          0         68   fpclassifyf.o
        24          0          0          0          0        204   funder.o
       360         16         32          0          0         88   rredf.o
       392         54          0          0          0        124   sinf.o
         0          0          0          0          0          0   entry.o
         0          0          0          0          0          0   entry10a.o
         0          0          0          0          0          0   entry11a.o
         8          4          0          0          0          0   entry2.o
         4          0          0          0          0          0   entry5.o
         0          0          0          0          0          0   entry7b.o
         0          0          0          0          0          0   entry8b.o
         8          4          0          0          0          0   entry9a.o
        12          6          0          4          0         68   errno.o
        30          0          0          0          0          0   handlers.o
        36          8          0          0          0         68   init.o
         0          0          0          0          0          0   iusefp.o
        30          0          0          0          0         68   llshl.o
        36          0          0          0          0         68   llsshr.o
        32          0          0          0          0         68   llushr.o
      2226         90          0          0          0        444   printfa.o
        44          0          0          0          0         80   uidiv.o
        98          0          0          0          0         92   uldiv.o
        48          0          0          0          0         68   cdrcmple.o
        20          0          0          0          0         68   cfcmple.o
        20          0          0          0          0         68   cfrcmple.o
       334          0          0          0          0        148   dadd.o
       222          0          0          0          0        100   ddiv.o
       186          0          0          0          0        176   depilogue.o
        50          0          0          0          0         76   dfixui.o
        48          0          0          0          0         68   dfixul.o
        26          0          0          0          0         76   dfltui.o
       228          0          0          0          0         96   dmul.o
        38          0          0          0          0         68   f2d.o
       176          0          0          0          0        140   fadd.o
       124          0          0          0          0         88   fdiv.o
       110          0          0          0          0        168   fepilogue.o
        50          0          0          0          0         68   ffixi.o
        18          0          0          0          0         68   fflti.o
        10          0          0          0          0         68   ffltui.o
        28          0          0          0          0         84   ffltul.o
       100          0          0          0          0         76   fmul.o
        60          0          0          0          0         76   frnd.o
        24          0          0          0          0         68   fscalb.o

    ----------------------------------------------------------------------
      5684        234         32          4          0       3480   Library Totals
         6          0          0          0          0          0   (incl. Padding)

    ----------------------------------------------------------------------

      Code (inc. data)   RO Data    RW Data    ZI Data      Debug   Library Name

      1194        122         32          0          0        608   m_ws.l
      2564        112          0          4          0        956   mc_w.l
      1920          0          0          0          0       1916   mf_w.l

    ----------------------------------------------------------------------
      5684        234         32          4          0       3480   Library Totals

    ----------------------------------------------------------------------

==============================================================================


      Code (inc. data)   RO Data    RW Data    ZI Data      Debug   

     37468       1084       6608         92       5252     335341   Grand Totals
     37468       1084       6608         92       5252     335341   ELF Image Totals
     37468       1084       6608         92          0          0   ROM Totals

==============================================================================

    Total RO  Size (Code + RO Data)                44076 (  43.04kB)
    Total RW  Size (RW Data + ZI Data)              5344 (   5.22kB)
    Total ROM Size (Code + RO Data + RW Data)      44168 (  43.13kB)

==============================================================================

